Archive member included to satisfy reference by file (symbol)

c:/program files (x86)/cypress/psoc creator/4.4/psoc creator/import/gnu/arm/5.4.1/bin/../lib/gcc/arm-none-eabi/5.4.1/armv7e-m/softfp\libgcc.a(_arm_addsubdf3.o)
                              .\CortexM4\ARM_GCC_541\Release\control.o (__aeabi_dsub)
c:/program files (x86)/cypress/psoc creator/4.4/psoc creator/import/gnu/arm/5.4.1/bin/../lib/gcc/arm-none-eabi/5.4.1/armv7e-m/softfp\libgcc.a(_arm_muldivdf3.o)
                              .\CortexM4\ARM_GCC_541\Release\control.o (__aeabi_dmul)
c:/program files (x86)/cypress/psoc creator/4.4/psoc creator/import/gnu/arm/5.4.1/bin/../lib/gcc/arm-none-eabi/5.4.1/armv7e-m/softfp\libgcc.a(_arm_cmpdf2.o)
                              .\CortexM4\ARM_GCC_541\Release\control.o (__aeabi_dcmplt)
c:/program files (x86)/cypress/psoc creator/4.4/psoc creator/import/gnu/arm/5.4.1/bin/../lib/gcc/arm-none-eabi/5.4.1/armv7e-m/softfp\libgcc.a(_arm_fixdfsi.o)
                              .\CortexM4\ARM_GCC_541\Release\control.o (__aeabi_d2iz)
c:/program files (x86)/cypress/psoc creator/4.4/psoc creator/import/gnu/arm/5.4.1/bin/../lib/gcc/arm-none-eabi/5.4.1/armv7e-m/softfp\libgcc.a(_arm_fixunsdfsi.o)
                              .\CortexM4\ARM_GCC_541\Release\control.o (__aeabi_d2uiz)
c:/program files (x86)/cypress/psoc creator/4.4/psoc creator/import/gnu/arm/5.4.1/bin/../lib/gcc/arm-none-eabi/5.4.1/armv7e-m/softfp\libgcc.a(_arm_truncdfsf2.o)
                              .\CortexM4\ARM_GCC_541\Release\control.o (__aeabi_d2f)
c:/program files (x86)/cypress/psoc creator/4.4/psoc creator/import/gnu/arm/5.4.1/bin/../lib/gcc/arm-none-eabi/5.4.1/armv7e-m/softfp\libgcc.a(_aeabi_ldivmod.o)
                              .\CortexM4\ARM_GCC_541\Release\cy_sar.o (__aeabi_ldivmod)
c:/program files (x86)/cypress/psoc creator/4.4/psoc creator/import/gnu/arm/5.4.1/bin/../lib/gcc/arm-none-eabi/5.4.1/armv7e-m/softfp\libgcc.a(_aeabi_uldivmod.o)
                              .\CortexM4\ARM_GCC_541\Release\cy_sysclk.o (__aeabi_uldivmod)
c:/program files (x86)/cypress/psoc creator/4.4/psoc creator/import/gnu/arm/5.4.1/bin/../lib/gcc/arm-none-eabi/5.4.1/armv7e-m/softfp\libgcc.a(_udivmoddi4.o)
                              c:/program files (x86)/cypress/psoc creator/4.4/psoc creator/import/gnu/arm/5.4.1/bin/../lib/gcc/arm-none-eabi/5.4.1/armv7e-m/softfp\libgcc.a(_aeabi_ldivmod.o) (__udivmoddi4)
c:/program files (x86)/cypress/psoc creator/4.4/psoc creator/import/gnu/arm/5.4.1/bin/../lib/gcc/arm-none-eabi/5.4.1/armv7e-m/softfp\libgcc.a(_dvmd_tls.o)
                              c:/program files (x86)/cypress/psoc creator/4.4/psoc creator/import/gnu/arm/5.4.1/bin/../lib/gcc/arm-none-eabi/5.4.1/armv7e-m/softfp\libgcc.a(_aeabi_ldivmod.o) (__aeabi_ldiv0)
c:/program files (x86)/cypress/psoc creator/4.4/psoc creator/import/gnu/arm/5.4.1/bin/../lib/gcc/arm-none-eabi/5.4.1/../../../../arm-none-eabi/lib/armv7e-m/softfp\libg_nano.a(lib_a-exit.o)
                              c:/program files (x86)/cypress/psoc creator/4.4/psoc creator/import/gnu/arm/5.4.1/bin/../lib/gcc/arm-none-eabi/5.4.1/../../../../arm-none-eabi/lib/armv7e-m/softfp/crt0.o (exit)
c:/program files (x86)/cypress/psoc creator/4.4/psoc creator/import/gnu/arm/5.4.1/bin/../lib/gcc/arm-none-eabi/5.4.1/../../../../arm-none-eabi/lib/armv7e-m/softfp\libg_nano.a(lib_a-impure.o)
                              c:/program files (x86)/cypress/psoc creator/4.4/psoc creator/import/gnu/arm/5.4.1/bin/../lib/gcc/arm-none-eabi/5.4.1/../../../../arm-none-eabi/lib/armv7e-m/softfp\libg_nano.a(lib_a-exit.o) (_global_impure_ptr)
c:/program files (x86)/cypress/psoc creator/4.4/psoc creator/import/gnu/arm/5.4.1/bin/../lib/gcc/arm-none-eabi/5.4.1/../../../../arm-none-eabi/lib/armv7e-m/softfp\libg_nano.a(lib_a-init.o)
                              c:/program files (x86)/cypress/psoc creator/4.4/psoc creator/import/gnu/arm/5.4.1/bin/../lib/gcc/arm-none-eabi/5.4.1/../../../../arm-none-eabi/lib/armv7e-m/softfp/crt0.o (__libc_init_array)
c:/program files (x86)/cypress/psoc creator/4.4/psoc creator/import/gnu/arm/5.4.1/bin/../lib/gcc/arm-none-eabi/5.4.1/../../../../arm-none-eabi/lib/armv7e-m/softfp\libg_nano.a(lib_a-memset.o)
                              c:/program files (x86)/cypress/psoc creator/4.4/psoc creator/import/gnu/arm/5.4.1/bin/../lib/gcc/arm-none-eabi/5.4.1/../../../../arm-none-eabi/lib/armv7e-m/softfp/crt0.o (memset)
c:/program files (x86)/cypress/psoc creator/4.4/psoc creator/import/gnu/arm/5.4.1/bin/../lib/gcc/arm-none-eabi/5.4.1/../../../../arm-none-eabi/lib/armv7e-m/softfp\libg_nano.a(lib_a-nano-vfprintf_float.o)
                              (_printf_float)
c:/program files (x86)/cypress/psoc creator/4.4/psoc creator/import/gnu/arm/5.4.1/bin/../lib/gcc/arm-none-eabi/5.4.1/../../../../arm-none-eabi/lib/armv7e-m/softfp\libg_nano.a(lib_a-nano-vfprintf_i.o)
[...]
Memory Configuration

Name             Origin             Length             Attributes
ram              0x08024000         0x00023800         xrw
flash            0x10080000         0x00080000         xr
em_eeprom        0x14000000         0x00008000         xr
sflash_user_data 0x16000800         0x00000800         xr
sflash_nar       0x16001a00         0x00000200         xr
sflash_public_key 0x16005a00         0x00000c00         xr
sflash_toc_2     0x16007c00         0x00000200         xr
sflash_rtoc_2    0x16007e00         0x00000200         xr
xip              0x18000000         0x08000000         xr
efuse            0x90700000         0x00100000         r
*default*        0x00000000         0xffffffff

Linker script and memory map

LOAD c:/program files (x86)/cypress/psoc creator/4.4/psoc creator/import/gnu/arm/5.4.1/bin/../lib/gcc/arm-none-eabi/5.4.1/armv7e-m/softfp/crti.o
LOAD c:/program files (x86)/cypress/psoc creator/4.4/psoc creator/import/gnu/arm/5.4.1/bin/../lib/gcc/arm-none-eabi/5.4.1/armv7e-m/softfp/crtbegin.o
LOAD c:/program files (x86)/cypress/psoc creator/4.4/psoc creator/import/gnu/arm/5.4.1/bin/../lib/gcc/arm-none-eabi/5.4.1/../../../../arm-none-eabi/lib/armv7e-m/softfp/crt0.o
START GROUP
LOAD .\CortexM4\ARM_GCC_541\Release\startup_psoc6_01_cm4.o
LOAD .\CortexM4\ARM_GCC_541\Release\main_cm4.o
LOAD .\CortexM4\ARM_GCC_541\Release\system_psoc6_cm4.o
LOAD .\CortexM4\ARM_GCC_541\Release\light_sensor.o
LOAD .\CortexM4\ARM_GCC_541\Release\control.o
LOAD .\CortexM4\ARM_GCC_541\Release\encoder.o
LOAD .\CortexM4\ARM_GCC_541\Release\odometry.o
LOAD .\CortexM4\ARM_GCC_541\Release\HC-SR04.o
LOAD .\CortexM4\ARM_GCC_541\Release\cyfitter_sysint_cfg.o
LOAD .\CortexM4\ARM_GCC_541\Release\cymetadata.o
LOAD .\CortexM4\ARM_GCC_541\Release\UART_1.o
LOAD .\CortexM4\ARM_GCC_541\Release\cy_efuse.o
LOAD .\CortexM4\ARM_GCC_541\Release\cy_flash.o
LOAD .\CortexM4\ARM_GCC_541\Release\cy_gpio.o
LOAD .\CortexM4\ARM_GCC_541\Release\cy_ipc_drv.o
LOAD .\CortexM4\ARM_GCC_541\Release\cy_ipc_sema.o
LOAD .\CortexM4\ARM_GCC_541\Release\cy_ipc_pipe.o
LOAD .\CortexM4\ARM_GCC_541\Release\cy_lvd.o
LOAD .\CortexM4\ARM_GCC_541\Release\cy_profile.o
LOAD .\CortexM4\ARM_GCC_541\Release\cy_prot.o
LOAD .\CortexM4\ARM_GCC_541\Release\cy_scb_common.o
LOAD .\CortexM4\ARM_GCC_541\Release\cy_scb_i2c.o
LOAD .\CortexM4\ARM_GCC_541\Release\cy_scb_ezi2c.o
LOAD .\CortexM4\ARM_GCC_541\Release\cy_scb_spi.o
LOAD .\CortexM4\ARM_GCC_541\Release\cy_scb_uart.o
LOAD .\CortexM4\ARM_GCC_541\Release\cy_sysanalog.o
LOAD .\CortexM4\ARM_GCC_541\Release\cy_sysclk.o
LOAD .\CortexM4\ARM_GCC_541\Release\cy_sysint.o
LOAD .\CortexM4\ARM_GCC_541\Release\cy_syslib.o
LOAD .\CortexM4\ARM_GCC_541\Release\cy_syslib_gcc.o
LOAD .\CortexM4\ARM_GCC_541\Release\cy_syspm.o
LOAD .\CortexM4\ARM_GCC_541\Release\cy_systick.o
LOAD .\CortexM4\ARM_GCC_541\Release\cy_trigmux.o
LOAD .\CortexM4\ARM_GCC_541\Release\cy_wdt.o
LOAD .\CortexM4\ARM_GCC_541\Release\cy_device.o
LOAD .\CortexM4\ARM_GCC_541\Release\cy_tcpwm_counter.o
LOAD .\CortexM4\ARM_GCC_541\Release\cy_tcpwm_pwm.o
LOAD .\CortexM4\ARM_GCC_541\Release\cy_tcpwm_quaddec.o
LOAD .\CortexM4\ARM_GCC_541\Release\cy_sar.o
LOAD .\CortexM4\ARM_GCC_541\Release\cy_ble_clk.o
LOAD .\CortexM4\ARM_GCC_541\Release\Counter_1.o
LOAD .\CortexM4\ARM_GCC_541\Release\PWM_L.o
LOAD .\CortexM4\ARM_GCC_541\Release\PWM_R.o
LOAD .\CortexM4\ARM_GCC_541\Release\Counter_2.o
LOAD .\CortexM4\ARM_GCC_541\Release\Counter_3.o
LOAD .\CortexM4\ARM_GCC_541\Release\ADC_1.o
LOAD .\CortexM4\ARM_GCC_541\Release\ADC_1_INT.o
LOAD .\CortexM4\ARM_GCC_541\Release\ADC_1_INIT.o
LOAD .\CortexM4\ARM_GCC_541\Release\ADC_1_PM.o
LOAD .\CortexM4\ARM_GCC_541\Release\Counter_4.o
END GROUP
START GROUP
LOAD c:/program files (x86)/cypress/psoc creator/4.4/psoc creator/import/gnu/arm/5.4.1/bin/../lib/gcc/arm-none-eabi/5.4.1/armv7e-m/softfp\libgcc.a
LOAD c:/program files (x86)/cypress/psoc creator/4.4/psoc creator/import/gnu/arm/5.4.1/bin/../lib/gcc/arm-none-eabi/5.4.1/../../../../arm-none-eabi/lib/armv7e-m/softfp\libg_nano.a
LOAD c:/program files (x86)/cypress/psoc creator/4.4/psoc creator/import/gnu/arm/5.4.1/bin/../lib/gcc/arm-none-eabi/5.4.1/../../../../arm-none-eabi/lib/armv7e-m/softfp\libc_nano.a
END GROUP
START GROUP
LOAD c:/program files (x86)/cypress/psoc creator/4.4/psoc creator/import/gnu/arm/5.4.1/bin/../lib/gcc/arm-none-eabi/5.4.1/armv7e-m/softfp\libgcc.a
LOAD c:/program files (x86)/cypress/psoc creator/4.4/psoc creator/import/gnu/arm/5.4.1/bin/../lib/gcc/arm-none-eabi/5.4.1/../../../../arm-none-eabi/lib/armv7e-m/softfp\libc_nano.a
END GROUP
LOAD c:/program files (x86)/cypress/psoc creator/4.4/psoc creator/import/gnu/arm/5.4.1/bin/../lib/gcc/arm-none-eabi/5.4.1/armv7e-m/softfp/crtend.o
LOAD c:/program files (x86)/cypress/psoc creator/4.4/psoc creator/import/gnu/arm/5.4.1/bin/../lib/gcc/arm-none-eabi/5.4.1/armv7e-m/softfp/crtn.o
START GROUP
LOAD c:/program files (x86)/cypress/psoc creator/4.4/psoc creator/import/gnu/arm/5.4.1/bin/../lib/gcc/arm-none-eabi/5.4.1/armv7e-m/softfp\libgcc.a
LOAD c:/program files (x86)/cypress/psoc creator/4.4/psoc creator/import/gnu/arm/5.4.1/bin/../lib/gcc/arm-none-eabi/5.4.1/../../../../arm-none-eabi/lib/armv7e-m/softfp\libc.a
LOAD c:/program files (x86)/cypress/psoc creator/4.4/psoc creator/import/gnu/arm/5.4.1/bin/../lib/gcc/arm-none-eabi/5.4.1/../../../../arm-none-eabi/lib/armv7e-m/softfp\libnosys.a
END GROUP
START GROUP
LOAD c:/program files (x86)/cypress/psoc creator/4.4/psoc creator/import/gnu/arm/5.4.1/bin/../lib/gcc/arm-none-eabi/5.4.1/armv7e-m/softfp\libgcc.a
LOAD c:/program files (x86)/cypress/psoc creator/4.4/psoc creator/import/gnu/arm/5.4.1/bin/../lib/gcc/arm-none-eabi/5.4.1/../../../../arm-none-eabi/lib/armv7e-m/softfp\libc.a
LOAD c:/program files (x86)/cypress/psoc creator/4.4/psoc creator/import/gnu/arm/5.4.1/bin/../lib/gcc/arm-none-eabi/5.4.1/../../../../arm-none-eabi/lib/armv7e-m/softfp\libm.a
LOAD c:/program files (x86)/cypress/psoc creator/4.4/psoc creator/import/gnu/arm/5.4.1/bin/../lib/gcc/arm-none-eabi/5.4.1/../../../../arm-none-eabi/lib/armv7e-m/softfp\libnosys.a
END GROUP

.text           0x10080000     0x77ac
                0x10080000                . = ALIGN (0x4)
                0x10080000                __Vectors = .
 *(.vectors)
 .vectors       0x10080000      0x28c .\CortexM4\ARM_GCC_541\Release\startup_psoc6_01_cm4.o
                0x1008028c                . = ALIGN (0x4)
                0x1008028c                __Vectors_End = .
                0x0000028c                __Vectors_Size = (__Vectors_End - __Vectors)
                0x1008028c                __end__ = .
                0x1008028c                . = ALIGN (0x4)
 *(.text*)
 .text          0x1008028c       0x5c c:/program files (x86)/cypress/psoc creator/4.4/psoc creator/import/gnu/arm/5.4.1/bin/../lib/gcc/arm-none-eabi/5.4.1/armv7e-m/softfp/crtbegin.o
 .text          0x100802e8       0x84 .\CortexM4\ARM_GCC_541\Release\startup_psoc6_01_cm4.o
                0x100802e8                Cy_OnResetUser
                0x100802ea                Reset_Handler
                0x1008034c                cpuss_interrupts_ipc_6_IRQHandler
                0x1008034c                DebugMon_Handler
                0x1008034c                tcpwm_1_interrupts_11_IRQHandler
                0x1008034c                cpuss_interrupts_ipc_0_IRQHandler
                0x1008034c                tcpwm_1_interrupts_15_IRQHandler
                0x1008034c                ioss_interrupts_gpio_13_IRQHandler
                0x1008034c                tcpwm_1_interrupts_13_IRQHandler
                0x1008034c                cpuss_interrupts_dw1_8_IRQHandler
                0x1008034c                tcpwm_0_interrupts_0_IRQHandler
                0x1008034c                SysTick_Handler
                0x1008034c                cpuss_interrupt_fm_IRQHandler
                0x1008034c                cpuss_interrupts_ipc_7_IRQHandler
                0x1008034c                tcpwm_1_interrupts_14_IRQHandler
                0x1008034c                cpuss_interrupts_dw0_5_IRQHandler
                0x1008034c                tcpwm_1_interrupts_9_IRQHandler
                0x1008034c                cpuss_interrupts_cm0_cti_1_IRQHandler
                0x1008034c                tcpwm_1_interrupts_22_IRQHandler
                0x1008034c                cpuss_interrupts_dw0_4_IRQHandler
                0x1008034c                PendSV_Handler
                0x1008034c                NMI_Handler
                0x1008034c                cpuss_interrupts_dw1_12_IRQHandler
                0x1008034c                tcpwm_1_interrupts_12_IRQHandler
                0x1008034c                smif_interrupt_IRQHandler
                0x1008034c                tcpwm_1_interrupts_2_IRQHandler
                0x1008034c                cpuss_interrupts_ipc_13_IRQHandler
                0x1008034c                udb_interrupts_11_IRQHandler
                0x1008034c                tcpwm_1_interrupts_18_IRQHandler
                0x1008034c                cpuss_interrupts_dw0_11_IRQHandler
                0x1008034c                tcpwm_0_interrupts_2_IRQHandler
                0x1008034c                cpuss_interrupts_dw0_13_IRQHandler
                0x1008034c                udb_interrupts_2_IRQHandler
                0x1008034c                cpuss_interrupts_dw1_7_IRQHandler
                0x1008034c                ioss_interrupts_gpio_1_IRQHandler
                0x1008034c                ioss_interrupts_gpio_7_IRQHandler
                0x1008034c                scb_5_interrupt_IRQHandler
                0x1008034c                udb_interrupts_6_IRQHandler
                0x1008034c                cpuss_interrupts_fault_1_IRQHandler
                0x1008034c                cpuss_interrupts_ipc_4_IRQHandler
                0x1008034c                cpuss_interrupts_ipc_5_IRQHandler
                0x1008034c                cpuss_interrupts_dw1_10_IRQHandler
                0x1008034c                udb_interrupts_0_IRQHandler
                0x1008034c                tcpwm_1_interrupts_6_IRQHandler
                0x1008034c                scb_4_interrupt_IRQHandler
                0x1008034c                pass_interrupt_dacs_IRQHandler
                0x1008034c                ioss_interrupts_gpio_2_IRQHandler
                0x1008034c                cpuss_interrupts_dw1_9_IRQHandler
                0x1008034c                cpuss_interrupts_dw1_13_IRQHandler
                0x1008034c                scb_2_interrupt_IRQHandler
                0x1008034c                cpuss_interrupts_cm0_cti_0_IRQHandler
                0x1008034c                udb_interrupts_5_IRQHandler
                0x1008034c                srss_interrupt_IRQHandler
                0x1008034c                udb_interrupts_12_IRQHandler
                0x1008034c                scb_0_interrupt_IRQHandler
                0x1008034c                csd_interrupt_IRQHandler
                0x1008034c                udb_interrupts_1_IRQHandler
                0x1008034c                profile_interrupt_IRQHandler
                0x1008034c                tcpwm_1_interrupts_1_IRQHandler
                0x1008034c                cpuss_interrupts_ipc_12_IRQHandler
                0x1008034c                tcpwm_1_interrupts_3_IRQHandler
                0x1008034c                tcpwm_0_interrupts_7_IRQHandler
                0x1008034c                cpuss_interrupts_dw1_1_IRQHandler
                0x1008034c                cpuss_interrupts_dw1_0_IRQHandler
                0x1008034c                cpuss_interrupts_dw0_9_IRQHandler
                0x1008034c                lpcomp_interrupt_IRQHandler
                0x1008034c                tcpwm_1_interrupts_23_IRQHandler
                0x1008034c                udb_interrupts_4_IRQHandler
                0x1008034c                tcpwm_1_interrupts_20_IRQHandler
                0x1008034c                ioss_interrupt_gpio_IRQHandler
                0x1008034c                tcpwm_0_interrupts_1_IRQHandler
                0x1008034c                ioss_interrupts_gpio_8_IRQHandler
                0x1008034c                tcpwm_0_interrupts_6_IRQHandler
                0x1008034c                scb_7_interrupt_IRQHandler
                0x1008034c                tcpwm_1_interrupts_7_IRQHandler
                0x1008034c                cpuss_interrupts_ipc_11_IRQHandler
                0x1008034c                udb_interrupts_13_IRQHandler
                0x1008034c                cpuss_interrupts_dw0_15_IRQHandler
                0x1008034c                udb_interrupts_7_IRQHandler
                0x1008034c                cpuss_interrupts_dw1_6_IRQHandler
                0x1008034c                cpuss_interrupt_crypto_IRQHandler
                0x1008034c                scb_1_interrupt_IRQHandler
                0x1008034c                Default_Handler
                0x1008034c                usb_interrupt_hi_IRQHandler
                0x1008034c                tcpwm_1_interrupts_0_IRQHandler
                0x1008034c                udb_interrupts_9_IRQHandler
                0x1008034c                audioss_interrupt_pdm_IRQHandler
                0x1008034c                srss_interrupt_mcwdt_0_IRQHandler
                0x1008034c                scb_3_interrupt_IRQHandler
                0x1008034c                pass_interrupt_ctbs_IRQHandler
                0x1008034c                udb_interrupts_8_IRQHandler
                0x1008034c                ioss_interrupts_gpio_3_IRQHandler
                0x1008034c                scb_6_interrupt_IRQHandler
                0x1008034c                cpuss_interrupts_cm4_cti_0_IRQHandler
                0x1008034c                cpuss_interrupts_dw1_3_IRQHandler
                0x1008034c                pass_interrupt_sar_IRQHandler
                0x1008034c                ioss_interrupts_gpio_0_IRQHandler
                0x1008034c                ioss_interrupts_gpio_14_IRQHandler
                0x1008034c                tcpwm_0_interrupts_4_IRQHandler
                0x1008034c                udb_interrupts_3_IRQHandler
                0x1008034c                tcpwm_0_interrupts_5_IRQHandler
                0x1008034c                cpuss_interrupts_ipc_15_IRQHandler
                0x1008034c                cpuss_interrupts_cm4_cti_1_IRQHandler
                0x1008034c                scb_8_interrupt_IRQHandler
                0x1008034c                srss_interrupt_mcwdt_1_IRQHandler
                0x1008034c                cpuss_interrupts_dw1_2_IRQHandler
                0x1008034c                SVC_Handler
                0x1008034c                cpuss_interrupts_dw1_5_IRQHandler
                0x1008034c                cpuss_interrupts_ipc_1_IRQHandler
                0x1008034c                cpuss_interrupts_dw0_0_IRQHandler
                0x1008034c                ioss_interrupts_gpio_12_IRQHandler
                0x1008034c                cpuss_interrupts_ipc_3_IRQHandler
                0x1008034c                tcpwm_1_interrupts_17_IRQHandler
                0x1008034c                srss_interrupt_backup_IRQHandler
                0x1008034c                bless_interrupt_IRQHandler
                0x1008034c                cpuss_interrupts_ipc_10_IRQHandler
                0x1008034c                cpuss_interrupts_ipc_9_IRQHandler
                0x1008034c                cpuss_interrupts_dw0_14_IRQHandler
                0x1008034c                tcpwm_1_interrupts_4_IRQHandler
                0x1008034c                tcpwm_0_interrupts_3_IRQHandler
                0x1008034c                cpuss_interrupts_dw1_15_IRQHandler
                0x1008034c                ioss_interrupts_gpio_10_IRQHandler
                0x1008034c                udb_interrupts_10_IRQHandler
                0x1008034c                cpuss_interrupts_dw0_8_IRQHandler
                0x1008034c                ioss_interrupts_gpio_11_IRQHandler
                0x1008034c                cpuss_interrupts_ipc_14_IRQHandler
                0x1008034c                ioss_interrupts_gpio_5_IRQHandler
                0x1008034c                ioss_interrupts_gpio_4_IRQHandler
                0x1008034c                tcpwm_1_interrupts_8_IRQHandler
                0x1008034c                cpuss_interrupts_dw1_14_IRQHandler
                0x1008034c                usb_interrupt_med_IRQHandler
                0x1008034c                cpuss_interrupts_dw0_2_IRQHandler
                0x1008034c                tcpwm_1_interrupts_10_IRQHandler
                0x1008034c                cpuss_interrupts_fault_0_IRQHandler
                0x1008034c                cpuss_interrupts_dw0_12_IRQHandler
                0x1008034c                ioss_interrupts_gpio_6_IRQHandler
                0x1008034c                tcpwm_1_interrupts_21_IRQHandler
                0x1008034c                tcpwm_1_interrupts_16_IRQHandler
                0x1008034c                cpuss_interrupts_dw1_4_IRQHandler
                0x1008034c                udb_interrupts_15_IRQHandler
                0x1008034c                cpuss_interrupts_dw1_11_IRQHandler
                0x1008034c                cpuss_interrupts_dw0_6_IRQHandler
                0x1008034c                ioss_interrupt_vdd_IRQHandler
                0x1008034c                cpuss_interrupts_dw0_7_IRQHandler
                0x1008034c                audioss_interrupt_i2s_IRQHandler
                0x1008034c                tcpwm_1_interrupts_5_IRQHandler
                0x1008034c                cpuss_interrupts_ipc_2_IRQHandler
                0x1008034c                cpuss_interrupts_dw0_10_IRQHandler
                0x1008034c                tcpwm_1_interrupts_19_IRQHandler
                0x1008034c                cpuss_interrupts_dw0_1_IRQHandler
                0x1008034c                ioss_interrupts_gpio_9_IRQHandler
                0x1008034c                usb_interrupt_lo_IRQHandler
                0x1008034c                cpuss_interrupts_ipc_8_IRQHandler
                0x1008034c                udb_interrupts_14_IRQHandler
                0x1008034c                cpuss_interrupts_dw0_3_IRQHandler
                0x10080350                UsageFault_Handler
                0x10080350                HardFault_Handler
                0x10080350                MemManage_Handler
                0x10080350                BusFault_Handler
 .text.__NVIC_EnableIRQ
                0x1008036c       0x1c .\CortexM4\ARM_GCC_541\Release\main_cm4.o
 .text.__NVIC_ClearPendingIRQ
                0x10080388       0x20 .\CortexM4\ARM_GCC_541\Release\main_cm4.o
 .text.SysTime_out_IRQHandler
                0x100803a8       0x34 .\CortexM4\ARM_GCC_541\Release\main_cm4.o
                0x100803a8                SysTime_out_IRQHandler
 .text.BtnIsr_handler
                0x100803dc       0xc4 .\CortexM4\ARM_GCC_541\Release\main_cm4.o
                0x100803dc                BtnIsr_handler
 .text.startup.main
                0x100804a0      0x210 .\CortexM4\ARM_GCC_541\Release\main_cm4.o
                0x100804a0                main
 .text.Cy_SysIpcPipeIsrCm4
                0x100806b0        0x6 .\CortexM4\ARM_GCC_541\Release\system_psoc6_cm4.o
                0x100806b0                Cy_SysIpcPipeIsrCm4
 .text.Cy_SystemInit
                0x100806b6        0x2 .\CortexM4\ARM_GCC_541\Release\system_psoc6_cm4.o
                0x100806b6                Cy_SystemInit
 .text.SystemCoreClockUpdate
                0x100806b8      0x160 .\CortexM4\ARM_GCC_541\Release\system_psoc6_cm4.o
                0x100806b8                SystemCoreClockUpdate
 .text.SystemInit
                0x10080818       0x48 .\CortexM4\ARM_GCC_541\Release\system_psoc6_cm4.o
                0x10080818                SystemInit
 .text.Cy_SystemInitFpuEnable
                0x10080860       0x28 .\CortexM4\ARM_GCC_541\Release\system_psoc6_cm4.o
                0x10080860                Cy_SystemInitFpuEnable
 .text.ADC_1_my_ISR
                0x10080888       0x48 .\CortexM4\ARM_GCC_541\Release\light_sensor.o
                0x10080888                ADC_1_my_ISR
 .text.LightSensor_Init
                0x100808d0       0x20 .\CortexM4\ARM_GCC_541\Release\light_sensor.o
                0x100808d0                LightSensor_Init
 .text._setSpeed_direction
                0x100808f0       0x44 .\CortexM4\ARM_GCC_541\Release\control.o
                0x100808f0                _setSpeed_direction
 *fill*         0x10080934        0x4 
 .text._calcola_velocita
                0x10080938      0x150 .\CortexM4\ARM_GCC_541\Release\control.o
                0x10080938                _calcola_velocita
 .text._hash_function_PWM
                0x10080a88       0x3c .\CortexM4\ARM_GCC_541\Release\control.o
                0x10080a88                _hash_function_PWM
 .text.set_speed
                0x10080ac4       0x48 .\CortexM4\ARM_GCC_541\Release\control.o
                0x10080ac4                set_speed
 *fill*         0x10080b0c        0x4 
 .text.Control_P
                0x10080b10      0x308 .\CortexM4\ARM_GCC_541\Release\control.o
                0x10080b10                Control_P
 .text.encoder_speed
                0x10080e18      0x148 .\CortexM4\ARM_GCC_541\Release\encoder.o
                0x10080e18                encoder_speed
 .text.encoder_L_IRQ_Handler
                0x10080f60       0x34 .\CortexM4\ARM_GCC_541\Release\encoder.o
                0x10080f60                encoder_L_IRQ_Handler
 .text.encoder_R_IRQ_Handler
                0x10080f94       0x34 .\CortexM4\ARM_GCC_541\Release\encoder.o
                0x10080f94                encoder_R_IRQ_Handler
 .text.Odometry
                0x10080fc8      0x1c4 .\CortexM4\ARM_GCC_541\Release\odometry.o
                0x10080fc8                Odometry
 .text.UART_1_Interrupt
                0x1008118c       0x10 .\CortexM4\ARM_GCC_541\Release\UART_1.o
 .text.UART_1_Start
                0x1008119c       0x64 .\CortexM4\ARM_GCC_541\Release\UART_1.o
                0x1008119c                UART_1_Start
 .text.Cy_SysClk_ClkPeriGetDivider
                0x10081200       0x14 .\CortexM4\ARM_GCC_541\Release\cy_flash.o
 .text.Cy_SysClk_ClkSlowGetDivider
                0x10081214       0x18 .\CortexM4\ARM_GCC_541\Release\cy_flash.o
 .text.Cy_IPC_Drv_GetIpcBaseAddress
                0x1008122c       0x14 .\CortexM4\ARM_GCC_541\Release\cy_flash.o
 .text.Cy_IPC_Drv_IsLockAcquired
                0x10081240       0x14 .\CortexM4\ARM_GCC_541\Release\cy_flash.o
 .text.Cy_Flash_ProcessOpcode
                0x10081254       0xa4 .\CortexM4\ARM_GCC_541\Release\cy_flash.o
 .text.Cy_Flash_OperationStatus
                0x100812f8       0x38 .\CortexM4\ARM_GCC_541\Release\cy_flash.o
 .text.Cy_Flash_InitExt
                0x10081330       0x78 .\CortexM4\ARM_GCC_541\Release\cy_flash.o
                0x10081330                Cy_Flash_InitExt
 .text.Cy_Flash_Init
                0x100813a8        0xc .\CortexM4\ARM_GCC_541\Release\cy_flash.o
                0x100813a8                Cy_Flash_Init
 .text.Cy_IPC_Drv_LockRelease
                0x100813b4       0x20 .\CortexM4\ARM_GCC_541\Release\cy_ipc_drv.o
                0x100813b4                Cy_IPC_Drv_LockRelease
 .text.Cy_IPC_Drv_SendMsgWord
                0x100813d4       0x18 .\CortexM4\ARM_GCC_541\Release\cy_ipc_drv.o
                0x100813d4                Cy_IPC_Drv_SendMsgWord
 .text.Cy_IPC_Drv_ReadMsgWord
                0x100813ec       0x20 .\CortexM4\ARM_GCC_541\Release\cy_ipc_drv.o
                0x100813ec                Cy_IPC_Drv_ReadMsgWord
 .text.Cy_IPC_Sema_InitExt
                0x1008140c       0x68 .\CortexM4\ARM_GCC_541\Release\cy_ipc_sema.o
                0x1008140c                Cy_IPC_Sema_InitExt
 .text.Cy_IPC_Sema_Init
                0x10081474       0x44 .\CortexM4\ARM_GCC_541\Release\cy_ipc_sema.o
                0x10081474                Cy_IPC_Sema_Init
 .text.Cy_IPC_Sema_Clear
                0x100814b8       0x84 .\CortexM4\ARM_GCC_541\Release\cy_ipc_sema.o
                0x100814b8                Cy_IPC_Sema_Clear
 .text.Cy_IPC_Sema_Status
                0x1008153c       0x40 .\CortexM4\ARM_GCC_541\Release\cy_ipc_sema.o
                0x1008153c                Cy_IPC_Sema_Status
 .text.Cy_IPC_Pipe_Config
                0x1008157c       0x10 .\CortexM4\ARM_GCC_541\Release\cy_ipc_pipe.o
                0x1008157c                Cy_IPC_Pipe_Config
 .text.Cy_IPC_Pipe_EndpointInit
                0x1008158c       0x60 .\CortexM4\ARM_GCC_541\Release\cy_ipc_pipe.o
                0x1008158c                Cy_IPC_Pipe_EndpointInit
 .text.Cy_IPC_Pipe_Init
                0x100815ec       0x68 .\CortexM4\ARM_GCC_541\Release\cy_ipc_pipe.o
                0x100815ec                Cy_IPC_Pipe_Init
 .text.Cy_IPC_Pipe_SendMessage
                0x10081654       0x58 .\CortexM4\ARM_GCC_541\Release\cy_ipc_pipe.o
                0x10081654                Cy_IPC_Pipe_SendMessage
 .text.Cy_IPC_Pipe_RegisterCallback
                0x100816ac       0x28 .\CortexM4\ARM_GCC_541\Release\cy_ipc_pipe.o
                0x100816ac                Cy_IPC_Pipe_RegisterCallback
 .text.Cy_IPC_Pipe_ExecCallback
                0x100816d4       0x78 .\CortexM4\ARM_GCC_541\Release\cy_ipc_pipe.o
                0x100816d4                Cy_IPC_Pipe_ExecCallback
 .text.Cy_IPC_Pipe_ExecuteCallback
                0x1008174c       0x14 .\CortexM4\ARM_GCC_541\Release\cy_ipc_pipe.o
                0x1008174c                Cy_IPC_Pipe_ExecuteCallback
 .text.Cy_SCB_ReadArrayNoCheck
                0x10081760       0x36 .\CortexM4\ARM_GCC_541\Release\cy_scb_common.o
                0x10081760                Cy_SCB_ReadArrayNoCheck
 .text.Cy_SCB_ReadArray
                0x10081796       0x1a .\CortexM4\ARM_GCC_541\Release\cy_scb_common.o
                0x10081796                Cy_SCB_ReadArray
 .text.Cy_SCB_WriteArrayNoCheck
                0x100817b0       0x36 .\CortexM4\ARM_GCC_541\Release\cy_scb_common.o
                0x100817b0                Cy_SCB_WriteArrayNoCheck
 .text.Cy_SCB_WriteArray
                0x100817e6       0x28 .\CortexM4\ARM_GCC_541\Release\cy_scb_common.o
                0x100817e6                Cy_SCB_WriteArray
 .text.Cy_SCB_WriteString
                0x1008180e       0x2c .\CortexM4\ARM_GCC_541\Release\cy_scb_common.o
                0x1008180e                Cy_SCB_WriteString
 *fill*         0x1008183a        0x2 
 .text.Cy_SCB_UART_Init
                0x1008183c      0x1c4 .\CortexM4\ARM_GCC_541\Release\cy_scb_uart.o
                0x1008183c                Cy_SCB_UART_Init
 .text.Cy_SCB_UART_GetNumInRingBuffer
                0x10081a00       0x18 .\CortexM4\ARM_GCC_541\Release\cy_scb_uart.o
                0x10081a00                Cy_SCB_UART_GetNumInRingBuffer
 .text.Cy_SCB_UART_Interrupt
                0x10081a18      0x282 .\CortexM4\ARM_GCC_541\Release\cy_scb_uart.o
                0x10081a18                Cy_SCB_UART_Interrupt
 *fill*         0x10081c9a        0x2 
 .text.Cy_SysInt_SetVector
                0x10081c9c       0x2c .\CortexM4\ARM_GCC_541\Release\cy_sysint.o
                0x10081c9c                Cy_SysInt_SetVector
 .text.Cy_SysInt_Init
                0x10081cc8       0x5c .\CortexM4\ARM_GCC_541\Release\cy_sysint.o
                0x10081cc8                Cy_SysInt_Init
 .text.Cy_SysLib_Delay
                0x10081d24       0x30 .\CortexM4\ARM_GCC_541\Release\cy_syslib.o
                0x10081d24                Cy_SysLib_Delay
 .text.Cy_SysLib_DelayUs
                0x10081d54       0x10 .\CortexM4\ARM_GCC_541\Release\cy_syslib.o
                0x10081d54                Cy_SysLib_DelayUs
 .text.Cy_SysLib_ProcessingFault
                0x10081d64        0x2 .\CortexM4\ARM_GCC_541\Release\cy_syslib.o
                0x10081d64                Cy_SysLib_ProcessingFault
 *fill*         0x10081d66        0x2 
 .text.Cy_SysLib_FaultHandler
                0x10081d68       0x98 .\CortexM4\ARM_GCC_541\Release\cy_syslib.o
                0x10081d68                Cy_SysLib_FaultHandler
 .text          0x10081e00       0x20 .\CortexM4\ARM_GCC_541\Release\cy_syslib_gcc.o
                0x10081e00                Cy_SysLib_DelayCycles
                0x10081e12                Cy_SysLib_EnterCriticalSection
                0x10081e1a                Cy_SysLib_ExitCriticalSection
 .text.Cy_SysLib_GetDeviceRevision
                0x10081e20       0x12 .\CortexM4\ARM_GCC_541\Release\cy_syspm.o
 *fill*         0x10081e32        0x2 
 .text.Cy_PDL_Init
                0x10081e34        0xc .\CortexM4\ARM_GCC_541\Release\cy_device.o
                0x10081e34                Cy_PDL_Init
 .text.Cy_TCPWM_Counter_Init
                0x10081e40       0xe0 .\CortexM4\ARM_GCC_541\Release\cy_tcpwm_counter.o
                0x10081e40                Cy_TCPWM_Counter_Init
 .text.Cy_TCPWM_PWM_Init
                0x10081f20      0x138 .\CortexM4\ARM_GCC_541\Release\cy_tcpwm_pwm.o
                0x10081f20                Cy_TCPWM_PWM_Init
 .text.Cy_SAR_Init
                0x10082058       0xf4 .\CortexM4\ARM_GCC_541\Release\cy_sar.o
                0x10082058                Cy_SAR_Init
 .text.Cy_SAR_DeInit
                0x1008214c       0x5c .\CortexM4\ARM_GCC_541\Release\cy_sar.o
                0x1008214c                Cy_SAR_DeInit
 .text.Cy_SAR_Enable
                0x100821a8       0x1e .\CortexM4\ARM_GCC_541\Release\cy_sar.o
                0x100821a8                Cy_SAR_Enable
 .text.Cy_SAR_IsChannelSingleEnded
                0x100821c6       0x1a .\CortexM4\ARM_GCC_541\Release\cy_sar.o
                0x100821c6                Cy_SAR_IsChannelSingleEnded
 .text.Cy_SAR_IsChannelSigned
                0x100821e0       0x22 .\CortexM4\ARM_GCC_541\Release\cy_sar.o
                0x100821e0                Cy_SAR_IsChannelSigned
 .text.Cy_SAR_GetResult16
                0x10082202       0x12 .\CortexM4\ARM_GCC_541\Release\cy_sar.o
                0x10082202                Cy_SAR_GetResult16
 .text.Cy_SAR_RawCounts2Counts
                0x10082214       0x60 .\CortexM4\ARM_GCC_541\Release\cy_sar.o
                0x10082214                Cy_SAR_RawCounts2Counts
 .text.Cy_SAR_CountsTo_uVolts
                0x10082274       0x3c .\CortexM4\ARM_GCC_541\Release\cy_sar.o
                0x10082274                Cy_SAR_CountsTo_uVolts
 .text.Counter_1_Start
                0x100822b0       0x2c .\CortexM4\ARM_GCC_541\Release\Counter_1.o
                0x100822b0                Counter_1_Start
 .text.PWM_L_Start
                0x100822dc       0x2c .\CortexM4\ARM_GCC_541\Release\PWM_L.o
                0x100822dc                PWM_L_Start
 .text.PWM_R_Start
                0x10082308       0x2c .\CortexM4\ARM_GCC_541\Release\PWM_R.o
                0x10082308                PWM_R_Start
 .text.Counter_2_Start
                0x10082334       0x2c .\CortexM4\ARM_GCC_541\Release\Counter_2.o
                0x10082334                Counter_2_Start
 .text.ADC_1_InitConfig
                0x10082360       0x78 .\CortexM4\ARM_GCC_541\Release\ADC_1.o
                0x10082360                ADC_1_InitConfig
 .text.ADC_1_SetEosMask
                0x100823d8       0x14 .\CortexM4\ARM_GCC_541\Release\ADC_1.o
                0x100823d8                ADC_1_SetEosMask
 .text.ADC_1_Init
                0x100823ec       0x34 .\CortexM4\ARM_GCC_541\Release\ADC_1.o
                0x100823ec                ADC_1_Init
 .text.ADC_1_Start
                0x10082420       0x28 .\CortexM4\ARM_GCC_541\Release\ADC_1.o
                0x10082420                ADC_1_Start
 .text.ADC_1_StartEx
                0x10082448       0x38 .\CortexM4\ARM_GCC_541\Release\ADC_1.o
                0x10082448                ADC_1_StartEx
 .text.ADC_1_ISR
                0x10082480       0x18 .\CortexM4\ARM_GCC_541\Release\ADC_1_INT.o
                0x10082480                ADC_1_ISR
 .text          0x10082498      0x370 c:/program files (x86)/cypress/psoc creator/4.4/psoc creator/import/gnu/arm/5.4.1/bin/../lib/gcc/arm-none-eabi/5.4.1/armv7e-m/softfp\libgcc.a(_arm_addsubdf3.o)
                0x10082498                __aeabi_drsub
                0x100824a0                __aeabi_dsub
                0x100824a0                __subdf3
                0x100824a4                __aeabi_dadd
                0x100824a4                __adddf3
                0x1008271c                __floatunsidf
                0x1008271c                __aeabi_ui2d
                0x1008273c                __floatsidf
                0x1008273c                __aeabi_i2d
                0x10082760                __aeabi_f2d
                0x10082760                __extendsfdf2
                0x1008279c                __floatundidf
                0x1008279c                __aeabi_ul2d
                0x100827ac                __floatdidf
                0x100827ac                __aeabi_l2d
 .text          0x10082808      0x424 c:/program files (x86)/cypress/psoc creator/4.4/psoc creator/import/gnu/arm/5.4.1/bin/../lib/gcc/arm-none-eabi/5.4.1/armv7e-m/softfp\libgcc.a(_arm_muldivdf3.o)
                0x10082808                __aeabi_dmul
                0x10082808                __muldf3
                0x10082a5c                __divdf3
                0x10082a5c                __aeabi_ddiv
 .text          0x10082c2c      0x110 c:/program files (x86)/cypress/psoc creator/4.4/psoc creator/import/gnu/arm/5.4.1/bin/../lib/gcc/arm-none-eabi/5.4.1/armv7e-m/softfp\libgcc.a(_arm_cmpdf2.o)
                0x10082c2c                __gtdf2
                0x10082c2c                __gedf2
                0x10082c34                __ltdf2
                0x10082c34                __ledf2
                0x10082c3c                __nedf2
                0x10082c3c                __eqdf2
                0x10082c3c                __cmpdf2
                0x10082cb8                __aeabi_cdrcmple
                0x10082cc8                __aeabi_cdcmpeq
                0x10082cc8                __aeabi_cdcmple
                0x10082cd8                __aeabi_dcmpeq
                0x10082cec                __aeabi_dcmplt
                0x10082d00                __aeabi_dcmple
                0x10082d14                __aeabi_dcmpge
                0x10082d28                __aeabi_dcmpgt
 .text          0x10082d3c       0x50 c:/program files (x86)/cypress/psoc creator/4.4/psoc creator/import/gnu/arm/5.4.1/bin/../lib/gcc/arm-none-eabi/5.4.1/armv7e-m/softfp\libgcc.a(_arm_fixdfsi.o)
                0x10082d3c                __aeabi_d2iz
                0x10082d3c                __fixdfsi
 .text          0x10082d8c       0x40 c:/program files (x86)/cypress/psoc creator/4.4/psoc creator/import/gnu/arm/5.4.1/bin/../lib/gcc/arm-none-eabi/5.4.1/armv7e-m/softfp\libgcc.a(_arm_fixunsdfsi.o)
                0x10082d8c                __aeabi_d2uiz
                0x10082d8c                __fixunsdfsi
 .text          0x10082dcc       0xa0 c:/program files (x86)/cypress/psoc creator/4.4/psoc creator/import/gnu/arm/5.4.1/bin/../lib/gcc/arm-none-eabi/5.4.1/armv7e-m/softfp\libgcc.a(_arm_truncdfsf2.o)
                0x10082dcc                __truncdfsf2
                0x10082dcc                __aeabi_d2f
 .text          0x10082e6c       0xa0 c:/program files (x86)/cypress/psoc creator/4.4/psoc creator/import/gnu/arm/5.4.1/bin/../lib/gcc/arm-none-eabi/5.4.1/armv7e-m/softfp\libgcc.a(_aeabi_ldivmod.o)
                0x10082e6c                __aeabi_ldivmod
 .text          0x10082f0c      0x2e4 c:/program files (x86)/cypress/psoc creator/4.4/psoc creator/import/gnu/arm/5.4.1/bin/../lib/gcc/arm-none-eabi/5.4.1/armv7e-m/softfp\libgcc.a(_udivmoddi4.o)
                0x10082f0c                __udivmoddi4
 .text          0x100831f0        0x4 c:/program files (x86)/cypress/psoc creator/4.4/psoc creator/import/gnu/arm/5.4.1/bin/../lib/gcc/arm-none-eabi/5.4.1/armv7e-m/softfp\libgcc.a(_dvmd_tls.o)
                0x100831f0                __aeabi_idiv0
                0x100831f0                __aeabi_ldiv0
 .text.memset   0x100831f4       0x10 c:/program files (x86)/cypress/psoc creator/4.4/psoc creator/import/gnu/arm/5.4.1/bin/../lib/gcc/arm-none-eabi/5.4.1/../../../../arm-none-eabi/lib/armv7e-m/softfp\libg_nano.a(lib_a-memset.o)
                0x100831f4                memset
 .text.__cvt    0x10083204       0xc2 c:/program files (x86)/cypress/psoc creator/4.4/psoc creator/import/gnu/arm/5.4.1/bin/../lib/gcc/arm-none-eabi/5.4.1/../../../../arm-none-eabi/lib/armv7e-m/softfp\libg_nano.a(lib_a-nano-vfprintf_float.o)
                0x10083204                __cvt
 .text.__exponent
                0x100832c6       0x60 c:/program files (x86)/cypress/psoc creator/4.4/psoc creator/import/gnu/arm/5.4.1/bin/../lib/gcc/arm-none-eabi/5.4.1/../../../../arm-none-eabi/lib/armv7e-m/softfp\libg_nano.a(lib_a-nano-vfprintf_float.o)
                0x100832c6                __exponent
 *fill*         0x10083326        0x2 
 .text._printf_float
                0x10083328      0x488 c:/program files (x86)/cypress/psoc creator/4.4/psoc creator/import/gnu/arm/5.4.1/bin/../lib/gcc/arm-none-eabi/5.4.1/../../../../arm-none-eabi/lib/armv7e-m/softfp\libg_nano.a(lib_a-nano-vfprintf_float.o)
                0x10083328                _printf_float
 .text._printf_common
                0x100837b0       0xec c:/program files (x86)/cypress/psoc creator/4.4/psoc creator/import/gnu/arm/5.4.1/bin/../lib/gcc/arm-none-eabi/5.4.1/../../../../arm-none-eabi/lib/armv7e-m/softfp\libg_nano.a(lib_a-nano-vfprintf_i.o)
                0x100837b0                _printf_common
 .text._printf_i
                0x1008389c      0x24c c:/program files (x86)/cypress/psoc creator/4.4/psoc creator/import/gnu/arm/5.4.1/bin/../lib/gcc/arm-none-eabi/5.4.1/../../../../arm-none-eabi/lib/armv7e-m/softfp\libg_nano.a(lib_a-nano-vfprintf_i.o)
                0x1008389c                _printf_i
 .text.snprintf
                0x10083ae8       0x64 c:/program files (x86)/cypress/psoc creator/4.4/psoc creator/import/gnu/arm/5.4.1/bin/../lib/gcc/arm-none-eabi/5.4.1/../../../../arm-none-eabi/lib/armv7e-m/softfp\libg_nano.a(lib_a-snprintf.o)
                0x10083ae8                sniprintf
                0x10083ae8                snprintf
 .text          0x10083b4c       0x10 c:/program files (x86)/cypress/psoc creator/4.4/psoc creator/import/gnu/arm/5.4.1/bin/../lib/gcc/arm-none-eabi/5.4.1/../../../../arm-none-eabi/lib/armv7e-m/softfp\libg_nano.a(lib_a-strlen.o)
                0x10083b4c                strlen
 .text.quorem   0x10083b5c      0x11e c:/program files (x86)/cypress/psoc creator/4.4/psoc creator/import/gnu/arm/5.4.1/bin/../lib/gcc/arm-none-eabi/5.4.1/../../../../arm-none-eabi/lib/armv7e-m/softfp\libg_nano.a(lib_a-dtoa.o)
 *fill*         0x10083c7a        0x6 
 .text._dtoa_r  0x10083c80      0xb38 c:/program files (x86)/cypress/psoc creator/4.4/psoc creator/import/gnu/arm/5.4.1/bin/../lib/gcc/arm-none-eabi/5.4.1/../../../../arm-none-eabi/lib/armv7e-m/softfp\libg_nano.a(lib_a-dtoa.o)
                0x10083c80                _dtoa_r
 .text._localeconv_r
                0x100847b8        0x8 c:/program files (x86)/cypress/psoc creator/4.4/psoc creator/import/gnu/arm/5.4.1/bin/../lib/gcc/arm-none-eabi/5.4.1/../../../../arm-none-eabi/lib/armv7e-m/softfp\libg_nano.a(lib_a-locale.o)
                0x100847b8                _localeconv_r
 .text.malloc   0x100847c0       0x10 c:/program files (x86)/cypress/psoc creator/4.4/psoc creator/import/gnu/arm/5.4.1/bin/../lib/gcc/arm-none-eabi/5.4.1/../../../../arm-none-eabi/lib/armv7e-m/softfp\libg_nano.a(lib_a-malloc.o)
                0x100847c0                malloc
 .text          0x100847d0       0xa0 c:/program files (x86)/cypress/psoc creator/4.4/psoc creator/import/gnu/arm/5.4.1/bin/../lib/gcc/arm-none-eabi/5.4.1/../../../../arm-none-eabi/lib/armv7e-m/softfp\libg_nano.a(lib_a-memchr.o)
                0x100847d0                memchr
 .text.memcpy   0x10084870       0x16 c:/program files (x86)/cypress/psoc creator/4.4/psoc creator/import/gnu/arm/5.4.1/bin/../lib/gcc/arm-none-eabi/5.4.1/../../../../arm-none-eabi/lib/armv7e-m/softfp\libg_nano.a(lib_a-memcpy-stub.o)
                0x10084870                memcpy
 .text._Balloc  0x10084886       0x6a c:/program files (x86)/cypress/psoc creator/4.4/psoc creator/import/gnu/arm/5.4.1/bin/../lib/gcc/arm-none-eabi/5.4.1/../../../../arm-none-eabi/lib/armv7e-m/softfp\libg_nano.a(lib_a-mprec.o)
                0x10084886                _Balloc
 .text._Bfree   0x100848f0       0x2e c:/program files (x86)/cypress/psoc creator/4.4/psoc creator/import/gnu/arm/5.4.1/bin/../lib/gcc/arm-none-eabi/5.4.1/../../../../arm-none-eabi/lib/armv7e-m/softfp\libg_nano.a(lib_a-mprec.o)
                0x100848f0                _Bfree
 .text.__multadd
                0x1008491e       0x76 c:/program files (x86)/cypress/psoc creator/4.4/psoc creator/import/gnu/arm/5.4.1/bin/../lib/gcc/arm-none-eabi/5.4.1/../../../../arm-none-eabi/lib/armv7e-m/softfp\libg_nano.a(lib_a-mprec.o)
                0x1008491e                __multadd
 .text.__hi0bits
                0x10084994       0x40 c:/program files (x86)/cypress/psoc creator/4.4/psoc creator/import/gnu/arm/5.4.1/bin/../lib/gcc/arm-none-eabi/5.4.1/../../../../arm-none-eabi/lib/armv7e-m/softfp\libg_nano.a(lib_a-mprec.o)
                0x10084994                __hi0bits
 .text.__lo0bits
                0x100849d4       0x5a c:/program files (x86)/cypress/psoc creator/4.4/psoc creator/import/gnu/arm/5.4.1/bin/../lib/gcc/arm-none-eabi/5.4.1/../../../../arm-none-eabi/lib/armv7e-m/softfp\libg_nano.a(lib_a-mprec.o)
                0x100849d4                __lo0bits
 .text.__i2b    0x10084a2e       0x12 c:/program files (x86)/cypress/psoc creator/4.4/psoc creator/import/gnu/arm/5.4.1/bin/../lib/gcc/arm-none-eabi/5.4.1/../../../../arm-none-eabi/lib/armv7e-m/softfp\libg_nano.a(lib_a-mprec.o)
                0x10084a2e                __i2b
 .text.__multiply
                0x10084a40      0x122 c:/program files (x86)/cypress/psoc creator/4.4/psoc creator/import/gnu/arm/5.4.1/bin/../lib/gcc/arm-none-eabi/5.4.1/../../../../arm-none-eabi/lib/armv7e-m/softfp\libg_nano.a(lib_a-mprec.o)
                0x10084a40                __multiply
 *fill*         0x10084b62        0x2 
 .text.__pow5mult
                0x10084b64       0x9c c:/program files (x86)/cypress/psoc creator/4.4/psoc creator/import/gnu/arm/5.4.1/bin/../lib/gcc/arm-none-eabi/5.4.1/../../../../arm-none-eabi/lib/armv7e-m/softfp\libg_nano.a(lib_a-mprec.o)
                0x10084b64                __pow5mult
 .text.__lshift
                0x10084c00       0xa2 c:/program files (x86)/cypress/psoc creator/4.4/psoc creator/import/gnu/arm/5.4.1/bin/../lib/gcc/arm-none-eabi/5.4.1/../../../../arm-none-eabi/lib/armv7e-m/softfp\libg_nano.a(lib_a-mprec.o)
                0x10084c00                __lshift
 .text.__mcmp   0x10084ca2       0x38 c:/program files (x86)/cypress/psoc creator/4.4/psoc creator/import/gnu/arm/5.4.1/bin/../lib/gcc/arm-none-eabi/5.4.1/../../../../arm-none-eabi/lib/armv7e-m/softfp\libg_nano.a(lib_a-mprec.o)
                0x10084ca2                __mcmp
 .text.__mdiff  0x10084cda       0xbe c:/program files (x86)/cypress/psoc creator/4.4/psoc creator/import/gnu/arm/5.4.1/bin/../lib/gcc/arm-none-eabi/5.4.1/../../../../arm-none-eabi/lib/armv7e-m/softfp\libg_nano.a(lib_a-mprec.o)
                0x10084cda                __mdiff
 .text.__d2b    0x10084d98       0x9c c:/program files (x86)/cypress/psoc creator/4.4/psoc creator/import/gnu/arm/5.4.1/bin/../lib/gcc/arm-none-eabi/5.4.1/../../../../arm-none-eabi/lib/armv7e-m/softfp\libg_nano.a(lib_a-mprec.o)
                0x10084d98                __d2b
 .text._calloc_r
                0x10084e34       0x1c c:/program files (x86)/cypress/psoc creator/4.4/psoc creator/import/gnu/arm/5.4.1/bin/../lib/gcc/arm-none-eabi/5.4.1/../../../../arm-none-eabi/lib/armv7e-m/softfp\libg_nano.a(lib_a-nano-callocr.o)
                0x10084e34                _calloc_r
 .text._free_r  0x10084e50       0x9c c:/program files (x86)/cypress/psoc creator/4.4/psoc creator/import/gnu/arm/5.4.1/bin/../lib/gcc/arm-none-eabi/5.4.1/../../../../arm-none-eabi/lib/armv7e-m/softfp\libg_nano.a(lib_a-nano-freer.o)
                0x10084e50                _free_r
 .text._malloc_r
                0x10084eec       0xbc c:/program files (x86)/cypress/psoc creator/4.4/psoc creator/import/gnu/arm/5.4.1/bin/../lib/gcc/arm-none-eabi/5.4.1/../../../../arm-none-eabi/lib/armv7e-m/softfp\libg_nano.a(lib_a-nano-mallocr.o)
                0x10084eec                _malloc_r
 .text.__ssputs_r
                0x10084fa8       0xb2 c:/program files (x86)/cypress/psoc creator/4.4/psoc creator/import/gnu/arm/5.4.1/bin/../lib/gcc/arm-none-eabi/5.4.1/../../../../arm-none-eabi/lib/armv7e-m/softfp\libg_nano.a(lib_a-nano-svfprintf.o)
                0x10084fa8                __ssputs_r
 *fill*         0x1008505a        0x2 
 .text._svfprintf_r
                0x1008505c      0x1e8 c:/program files (x86)/cypress/psoc creator/4.4/psoc creator/import/gnu/arm/5.4.1/bin/../lib/gcc/arm-none-eabi/5.4.1/../../../../arm-none-eabi/lib/armv7e-m/softfp\libg_nano.a(lib_a-nano-svfprintf.o)
                0x1008505c                _svfiprintf_r
                0x1008505c                _svfprintf_r
 .text._sbrk_r  0x10085244       0x20 c:/program files (x86)/cypress/psoc creator/4.4/psoc creator/import/gnu/arm/5.4.1/bin/../lib/gcc/arm-none-eabi/5.4.1/../../../../arm-none-eabi/lib/armv7e-m/softfp\libg_nano.a(lib_a-sbrkr.o)
                0x10085244                _sbrk_r
 .text.memmove  0x10085264       0x36 c:/program files (x86)/cypress/psoc creator/4.4/psoc creator/import/gnu/arm/5.4.1/bin/../lib/gcc/arm-none-eabi/5.4.1/../../../../arm-none-eabi/lib/armv7e-m/softfp\libg_nano.a(lib_a-memmove.o)
                0x10085264                memmove
 .text.__malloc_lock
                0x1008529a        0x2 c:/program files (x86)/cypress/psoc creator/4.4/psoc creator/import/gnu/arm/5.4.1/bin/../lib/gcc/arm-none-eabi/5.4.1/../../../../arm-none-eabi/lib/armv7e-m/softfp\libg_nano.a(lib_a-mlock.o)
                0x1008529a                __malloc_lock
 .text.__malloc_unlock
                0x1008529c        0x2 c:/program files (x86)/cypress/psoc creator/4.4/psoc creator/import/gnu/arm/5.4.1/bin/../lib/gcc/arm-none-eabi/5.4.1/../../../../arm-none-eabi/lib/armv7e-m/softfp\libg_nano.a(lib_a-mlock.o)
                0x1008529c                __malloc_unlock
 .text._realloc_r
                0x1008529e       0x4c c:/program files (x86)/cypress/psoc creator/4.4/psoc creator/import/gnu/arm/5.4.1/bin/../lib/gcc/arm-none-eabi/5.4.1/../../../../arm-none-eabi/lib/armv7e-m/softfp\libg_nano.a(lib_a-nano-reallocr.o)
                0x1008529e                _realloc_r
 .text._malloc_usable_size_r
                0x100852ea       0x14 c:/program files (x86)/cypress/psoc creator/4.4/psoc creator/import/gnu/arm/5.4.1/bin/../lib/gcc/arm-none-eabi/5.4.1/../../../../arm-none-eabi/lib/armv7e-m/softfp\libg_nano.a(lib_a-nano-msizer.o)
                0x100852ea                _malloc_usable_size_r
 *fill*         0x100852fe        0x2 
 .text          0x10085300       0x2c c:/program files (x86)/cypress/psoc creator/4.4/psoc creator/import/gnu/arm/5.4.1/bin/../lib/gcc/arm-none-eabi/5.4.1/armv7e-m/softfp\libgcc.a(_arm_unorddf2.o)
                0x10085300                __unorddf2
                0x10085300                __aeabi_dcmpun
 .text._sbrk    0x1008532c       0x1c c:/program files (x86)/cypress/psoc creator/4.4/psoc creator/import/gnu/arm/5.4.1/bin/../lib/gcc/arm-none-eabi/5.4.1/../../../../arm-none-eabi/lib/armv7e-m/softfp\libnosys.a(sbrk.o)
                0x1008532c                _sbrk
 .text.ceil     0x10085348      0x110 c:/program files (x86)/cypress/psoc creator/4.4/psoc creator/import/gnu/arm/5.4.1/bin/../lib/gcc/arm-none-eabi/5.4.1/../../../../arm-none-eabi/lib/armv7e-m/softfp\libm.a(lib_a-s_ceil.o)
                0x10085348                ceil
 .text.cos      0x10085458       0x90 c:/program files (x86)/cypress/psoc creator/4.4/psoc creator/import/gnu/arm/5.4.1/bin/../lib/gcc/arm-none-eabi/5.4.1/../../../../arm-none-eabi/lib/armv7e-m/softfp\libm.a(lib_a-s_cos.o)
                0x10085458                cos
 .text.floor    0x100854e8      0x110 c:/program files (x86)/cypress/psoc creator/4.4/psoc creator/import/gnu/arm/5.4.1/bin/../lib/gcc/arm-none-eabi/5.4.1/../../../../arm-none-eabi/lib/armv7e-m/softfp\libm.a(lib_a-s_floor.o)
                0x100854e8                floor
 .text.sin      0x100855f8       0x88 c:/program files (x86)/cypress/psoc creator/4.4/psoc creator/import/gnu/arm/5.4.1/bin/../lib/gcc/arm-none-eabi/5.4.1/../../../../arm-none-eabi/lib/armv7e-m/softfp\libm.a(lib_a-s_sin.o)
                0x100855f8                sin
 .text.atan2    0x10085680        0x4 c:/program files (x86)/cypress/psoc creator/4.4/psoc creator/import/gnu/arm/5.4.1/bin/../lib/gcc/arm-none-eabi/5.4.1/../../../../arm-none-eabi/lib/armv7e-m/softfp\libm.a(lib_a-w_atan2.o)
                0x10085680                atan2
 .text.sqrt     0x10085684       0xb8 c:/program files (x86)/cypress/psoc creator/4.4/psoc creator/import/gnu/arm/5.4.1/bin/../lib/gcc/arm-none-eabi/5.4.1/../../../../arm-none-eabi/lib/armv7e-m/softfp\libm.a(lib_a-w_sqrt.o)
                0x10085684                sqrt
 *fill*         0x1008573c        0x4 
 .text.__ieee754_atan2
                0x10085740      0x1f4 c:/program files (x86)/cypress/psoc creator/4.4/psoc creator/import/gnu/arm/5.4.1/bin/../lib/gcc/arm-none-eabi/5.4.1/../../../../arm-none-eabi/lib/armv7e-m/softfp\libm.a(lib_a-e_atan2.o)
                0x10085740                __ieee754_atan2
 *fill*         0x10085934        0x4 
 .text.__ieee754_rem_pio2
                0x10085938      0x43c c:/program files (x86)/cypress/psoc creator/4.4/psoc creator/import/gnu/arm/5.4.1/bin/../lib/gcc/arm-none-eabi/5.4.1/../../../../arm-none-eabi/lib/armv7e-m/softfp\libm.a(lib_a-e_rem_pio2.o)
                0x10085938                __ieee754_rem_pio2
 .text.__ieee754_sqrt
                0x10085d74      0x184 c:/program files (x86)/cypress/psoc creator/4.4/psoc creator/import/gnu/arm/5.4.1/bin/../lib/gcc/arm-none-eabi/5.4.1/../../../../arm-none-eabi/lib/armv7e-m/softfp\libm.a(lib_a-e_sqrt.o)
                0x10085d74                __ieee754_sqrt
 .text.__kernel_cos
                0x10085ef8      0x24c c:/program files (x86)/cypress/psoc creator/4.4/psoc creator/import/gnu/arm/5.4.1/bin/../lib/gcc/arm-none-eabi/5.4.1/../../../../arm-none-eabi/lib/armv7e-m/softfp\libm.a(lib_a-k_cos.o)
                0x10085ef8                __kernel_cos
 *fill*         0x10086144        0x4 
 .text.__kernel_rem_pio2
                0x10086148      0x804 c:/program files (x86)/cypress/psoc creator/4.4/psoc creator/import/gnu/arm/5.4.1/bin/../lib/gcc/arm-none-eabi/5.4.1/../../../../arm-none-eabi/lib/armv7e-m/softfp\libm.a(lib_a-k_rem_pio2.o)
                0x10086148                __kernel_rem_pio2
 *fill*         0x1008694c        0x4 
 .text.__kernel_sin
                0x10086950      0x16c c:/program files (x86)/cypress/psoc creator/4.4/psoc creator/import/gnu/arm/5.4.1/bin/../lib/gcc/arm-none-eabi/5.4.1/../../../../arm-none-eabi/lib/armv7e-m/softfp\libm.a(lib_a-k_sin.o)
                0x10086950                __kernel_sin
 *fill*         0x10086abc        0x4 
 .text.atan     0x10086ac0      0x340 c:/program files (x86)/cypress/psoc creator/4.4/psoc creator/import/gnu/arm/5.4.1/bin/../lib/gcc/arm-none-eabi/5.4.1/../../../../arm-none-eabi/lib/armv7e-m/softfp\libm.a(lib_a-s_atan.o)
                0x10086ac0                atan
 .text.fabs     0x10086e00        0x8 c:/program files (x86)/cypress/psoc creator/4.4/psoc creator/import/gnu/arm/5.4.1/bin/../lib/gcc/arm-none-eabi/5.4.1/../../../../arm-none-eabi/lib/armv7e-m/softfp\libm.a(lib_a-s_fabs.o)
                0x10086e00                fabs
 .text.matherr  0x10086e08        0x4 c:/program files (x86)/cypress/psoc creator/4.4/psoc creator/import/gnu/arm/5.4.1/bin/../lib/gcc/arm-none-eabi/5.4.1/../../../../arm-none-eabi/lib/armv7e-m/softfp\libm.a(lib_a-s_matherr.o)
                0x10086e08                matherr
 *fill*         0x10086e0c        0x4 
 .text.scalbn   0x10086e10       0xfc c:/program files (x86)/cypress/psoc creator/4.4/psoc creator/import/gnu/arm/5.4.1/bin/../lib/gcc/arm-none-eabi/5.4.1/../../../../arm-none-eabi/lib/armv7e-m/softfp\libm.a(lib_a-s_scalbn.o)
                0x10086e10                scalbn
 .text.copysign
                0x10086f0c       0x10 c:/program files (x86)/cypress/psoc creator/4.4/psoc creator/import/gnu/arm/5.4.1/bin/../lib/gcc/arm-none-eabi/5.4.1/../../../../arm-none-eabi/lib/armv7e-m/softfp\libm.a(lib_a-s_copysign.o)
                0x10086f0c                copysign
 .text.__errno  0x10086f1c        0xc c:/program files (x86)/cypress/psoc creator/4.4/psoc creator/import/gnu/arm/5.4.1/bin/../lib/gcc/arm-none-eabi/5.4.1/../../../../arm-none-eabi/lib/armv7e-m/softfp\libc.a(lib_a-errno.o)
                0x10086f1c                __errno
 *(.init)
 .init          0x10086f28        0x4 c:/program files (x86)/cypress/psoc creator/4.4/psoc creator/import/gnu/arm/5.4.1/bin/../lib/gcc/arm-none-eabi/5.4.1/armv7e-m/softfp/crti.o
                0x10086f28                _init
 .init          0x10086f2c        0x8 c:/program files (x86)/cypress/psoc creator/4.4/psoc creator/import/gnu/arm/5.4.1/bin/../lib/gcc/arm-none-eabi/5.4.1/armv7e-m/softfp/crtn.o
 *(.fini)
 .fini          0x10086f34        0x4 c:/program files (x86)/cypress/psoc creator/4.4/psoc creator/import/gnu/arm/5.4.1/bin/../lib/gcc/arm-none-eabi/5.4.1/armv7e-m/softfp/crti.o
                0x10086f34                _fini
 .fini          0x10086f38        0x8 c:/program files (x86)/cypress/psoc creator/4.4/psoc creator/import/gnu/arm/5.4.1/bin/../lib/gcc/arm-none-eabi/5.4.1/armv7e-m/softfp/crtn.o
 *crtbegin.o(.ctors)
 *crtbegin?.o(.ctors)
 *(EXCLUDE_FILE(*crtend.o *crtend?.o) .ctors)
 *(SORT(.ctors.*))
 *(.ctors)
 *crtbegin.o(.dtors)
 *crtbegin?.o(.dtors)
 *(EXCLUDE_FILE(*crtend.o *crtend?.o) .dtors)
 *(SORT(.dtors.*))
 *(.dtors)
 *(.rodata .rodata.* .constdata .constdata.* .conststring .conststring.*)
 .rodata.str1.1
                0x10086f40       0xcc .\CortexM4\ARM_GCC_541\Release\main_cm4.o
                                 0xce (size before relaxing)
 .rodata        0x1008700c       0x34 .\CortexM4\ARM_GCC_541\Release\system_psoc6_cm4.o
 .rodata        0x10087040       0x48 .\CortexM4\ARM_GCC_541\Release\cyfitter_sysint_cfg.o
                0x10087040                ADC_1_IRQ_cfg
                0x10087048                encoder_R_int_cfg
                0x10087050                encoder_L_int_cfg
                0x10087058                SysInt_2_cfg
                0x10087060                SysInt_1_cfg
                0x10087068                BtnIsr_cfg
                0x10087070                time_out_int_cfg
                0x10087078                SysInt_3_cfg
                0x10087080                UART_1_SCB_IRQ_cfg
 .rodata        0x10087088       0x40 .\CortexM4\ARM_GCC_541\Release\UART_1.o
                0x10087088                UART_1_config
 .rodata        0x100870c8      0x170 .\CortexM4\ARM_GCC_541\Release\cy_device.o
                0x100870c8                cy_deviceIpBlockCfgPSoC6_02
                0x10087180                cy_deviceIpBlockCfgPSoC6_01
 .rodata        0x10087238       0x4c .\CortexM4\ARM_GCC_541\Release\Counter_1.o
                0x10087238                Counter_1_config
 .rodata        0x10087284       0x64 .\CortexM4\ARM_GCC_541\Release\PWM_L.o
                0x10087284                PWM_L_config
 .rodata        0x100872e8       0x64 .\CortexM4\ARM_GCC_541\Release\PWM_R.o
                0x100872e8                PWM_R_config
 .rodata        0x1008734c       0x4c .\CortexM4\ARM_GCC_541\Release\Counter_2.o
                0x1008734c                Counter_2_config
 .rodata        0x10087398       0x8c .\CortexM4\ARM_GCC_541\Release\ADC_1_INIT.o
                0x10087398                ADC_1_allConfigs
 .rodata.str1.1
                0x10087424        0x2 c:/program files (x86)/cypress/psoc creator/4.4/psoc creator/import/gnu/arm/5.4.1/bin/../lib/gcc/arm-none-eabi/5.4.1/../../../../arm-none-eabi/lib/armv7e-m/softfp\libg_nano.a(lib_a-impure.o)
 .rodata.str1.1
                0x10087426       0x12 c:/program files (x86)/cypress/psoc creator/4.4/psoc creator/import/gnu/arm/5.4.1/bin/../lib/gcc/arm-none-eabi/5.4.1/../../../../arm-none-eabi/lib/armv7e-m/softfp\libg_nano.a(lib_a-nano-vfprintf_float.o)
 .rodata.str1.1
                0x10087438       0x22 c:/program files (x86)/cypress/psoc creator/4.4/psoc creator/import/gnu/arm/5.4.1/bin/../lib/gcc/arm-none-eabi/5.4.1/../../../../arm-none-eabi/lib/armv7e-m/softfp\libg_nano.a(lib_a-nano-vfprintf_i.o)
 .rodata.str1.1
                0x1008745a        0xd c:/program files (x86)/cypress/psoc creator/4.4/psoc creator/import/gnu/arm/5.4.1/bin/../lib/gcc/arm-none-eabi/5.4.1/../../../../arm-none-eabi/lib/armv7e-m/softfp\libg_nano.a(lib_a-dtoa.o)
                                  0xf (size before relaxing)
 .rodata.str1.1
                0x10087467        0x8 c:/program files (x86)/cypress/psoc creator/4.4/psoc creator/import/gnu/arm/5.4.1/bin/../lib/gcc/arm-none-eabi/5.4.1/../../../../arm-none-eabi/lib/armv7e-m/softfp\libg_nano.a(lib_a-locale.o)
                                  0xb (size before relaxing)
 *fill*         0x1008746f        0x1 
 .rodata.p05.5410
                0x10087470        0xc c:/program files (x86)/cypress/psoc creator/4.4/psoc creator/import/gnu/arm/5.4.1/bin/../lib/gcc/arm-none-eabi/5.4.1/../../../../arm-none-eabi/lib/armv7e-m/softfp\libg_nano.a(lib_a-mprec.o)
 *fill*         0x1008747c        0x4 
 .rodata.__mprec_bigtens
                0x10087480       0x28 c:/program files (x86)/cypress/psoc creator/4.4/psoc creator/import/gnu/arm/5.4.1/bin/../lib/gcc/arm-none-eabi/5.4.1/../../../../arm-none-eabi/lib/armv7e-m/softfp\libg_nano.a(lib_a-mprec.o)
                0x10087480                __mprec_bigtens
 .rodata.__mprec_tens
                0x100874a8       0xc8 c:/program files (x86)/cypress/psoc creator/4.4/psoc creator/import/gnu/arm/5.4.1/bin/../lib/gcc/arm-none-eabi/5.4.1/../../../../arm-none-eabi/lib/armv7e-m/softfp\libg_nano.a(lib_a-mprec.o)
                0x100874a8                __mprec_tens
 .rodata.str1.1
                0x10087570       0x11 c:/program files (x86)/cypress/psoc creator/4.4/psoc creator/import/gnu/arm/5.4.1/bin/../lib/gcc/arm-none-eabi/5.4.1/../../../../arm-none-eabi/lib/armv7e-m/softfp\libg_nano.a(lib_a-nano-svfprintf.o)
 *fill*         0x10087581        0x3 
 .rodata.str1.4
                0x10087584        0x8 c:/program files (x86)/cypress/psoc creator/4.4/psoc creator/import/gnu/arm/5.4.1/bin/../lib/gcc/arm-none-eabi/5.4.1/../../../../arm-none-eabi/lib/armv7e-m/softfp\libm.a(lib_a-w_sqrt.o)
                                  0x5 (size before relaxing)
 .rodata.npio2_hw
                0x1008758c       0x80 c:/program files (x86)/cypress/psoc creator/4.4/psoc creator/import/gnu/arm/5.4.1/bin/../lib/gcc/arm-none-eabi/5.4.1/../../../../arm-none-eabi/lib/armv7e-m/softfp\libm.a(lib_a-e_rem_pio2.o)
 .rodata.two_over_pi
                0x1008760c      0x108 c:/program files (x86)/cypress/psoc creator/4.4/psoc creator/import/gnu/arm/5.4.1/bin/../lib/gcc/arm-none-eabi/5.4.1/../../../../arm-none-eabi/lib/armv7e-m/softfp\libm.a(lib_a-e_rem_pio2.o)
 .rodata.init_jk
                0x10087714       0x10 c:/program files (x86)/cypress/psoc creator/4.4/psoc creator/import/gnu/arm/5.4.1/bin/../lib/gcc/arm-none-eabi/5.4.1/../../../../arm-none-eabi/lib/armv7e-m/softfp\libm.a(lib_a-k_rem_pio2.o)
 *fill*         0x10087724        0x4 
 .rodata.PIo2   0x10087728       0x40 c:/program files (x86)/cypress/psoc creator/4.4/psoc creator/import/gnu/arm/5.4.1/bin/../lib/gcc/arm-none-eabi/5.4.1/../../../../arm-none-eabi/lib/armv7e-m/softfp\libm.a(lib_a-k_rem_pio2.o)
 .rodata.atanlo
                0x10087768       0x20 c:/program files (x86)/cypress/psoc creator/4.4/psoc creator/import/gnu/arm/5.4.1/bin/../lib/gcc/arm-none-eabi/5.4.1/../../../../arm-none-eabi/lib/armv7e-m/softfp\libm.a(lib_a-s_atan.o)
 .rodata.atanhi
                0x10087788       0x20 c:/program files (x86)/cypress/psoc creator/4.4/psoc creator/import/gnu/arm/5.4.1/bin/../lib/gcc/arm-none-eabi/5.4.1/../../../../arm-none-eabi/lib/armv7e-m/softfp\libm.a(lib_a-s_atan.o)
 *(.eh_frame*)
 .eh_frame      0x100877a8        0x0 c:/program files (x86)/cypress/psoc creator/4.4/psoc creator/import/gnu/arm/5.4.1/bin/../lib/gcc/arm-none-eabi/5.4.1/armv7e-m/softfp/crtbegin.o
 .eh_frame      0x100877a8        0x4 c:/program files (x86)/cypress/psoc creator/4.4/psoc creator/import/gnu/arm/5.4.1/bin/../lib/gcc/arm-none-eabi/5.4.1/armv7e-m/softfp/crtend.o

.glue_7         0x100877ac        0x0
 .glue_7        0x100877ac        0x0 linker stubs

.glue_7t        0x100877ac        0x0
 .glue_7t       0x100877ac        0x0 linker stubs

.vfp11_veneer   0x100877ac        0x0
 .vfp11_veneer  0x100877ac        0x0 linker stubs

.v4_bx          0x100877ac        0x0
 .v4_bx         0x100877ac        0x0 linker stubs

.iplt           0x100877ac        0x0
 .iplt          0x100877ac        0x0 c:/program files (x86)/cypress/psoc creator/4.4/psoc creator/import/gnu/arm/5.4.1/bin/../lib/gcc/arm-none-eabi/5.4.1/armv7e-m/softfp/crtbegin.o

.ARM.extab
 *(.ARM.extab* .gnu.linkonce.armextab.*)
                0x100877ac                __exidx_start = .

.ARM.exidx      0x100877ac        0x8
 *(.ARM.exidx* .gnu.linkonce.armexidx.*)
 .ARM.exidx     0x100877ac        0x8 c:/program files (x86)/cypress/psoc creator/4.4/psoc creator/import/gnu/arm/5.4.1/bin/../lib/gcc/arm-none-eabi/5.4.1/armv7e-m/softfp\libgcc.a(_udivmoddi4.o)
                0x100877b4                __exidx_end = .

.copy.table     0x100877b4       0x18
                0x100877b4                . = ALIGN (0x4)
                0x100877b4                __copy_table_start__ = .
                0x100877b4        0x4 LONG 0x10080000 __Vectors
                0x100877b8        0x4 LONG 0x8024000 __ram_vectors_start__
                0x100877bc        0x4 LONG 0x28c (__Vectors_End - __Vectors)
                0x100877c0        0x4 LONG 0x100877d4 __etext
                0x100877c4        0x4 LONG 0x802428c __data_start__
                0x100877c8        0x4 LONG 0x5d4 (__data_end__ - __data_start__)
                0x100877cc                __copy_table_end__ = .

.zero.table     0x100877cc        0x8
                0x100877cc                . = ALIGN (0x4)
                0x100877cc                __zero_table_start__ = .
                0x100877cc        0x4 LONG 0x80248d8 __bss_start__
                0x100877d0        0x4 LONG 0x3cc (__bss_end__ - __bss_start__)
                0x100877d4                __zero_table_end__ = .
                0x100877d4                __etext = .

.ramVectors     0x08024000      0x28c
                0x08024000                __ram_vectors_start__ = .
 *(.ram_vectors)
 .ram_vectors   0x08024000      0x28c .\CortexM4\ARM_GCC_541\Release\startup_psoc6_01_cm4.o
                0x08024000                __ramVectors
                0x0802428c                __ram_vectors_end__ = .

.data           0x0802428c      0x5d4 load address 0x100877d4
                0x0802428c                __data_start__ = .
 *(vtable)
 *(.data*)
 .data          0x0802428c       0x30 .\CortexM4\ARM_GCC_541\Release\main_cm4.o
                0x0802428c                enable
                0x08024290                enable_ultrasonic_sensor
                0x08024294                alpha
                0x08024298                var_aus_trigger
                0x0802429c                barriera
                0x080242a0                f
                0x080242a4                d
                0x080242a8                R
                0x080242ac                K_2
                0x080242b0                K_1
                0x080242b4                dt
                0x080242b8                Tick_max
 .data          0x080242bc       0x20 .\CortexM4\ARM_GCC_541\Release\system_psoc6_cm4.o
                0x080242bc                cy_BleEcoClockFreqHz
                0x080242c0                cy_Hfclk0FreqHz
                0x080242c4                cy_PeriClkFreqHz
                0x080242c8                SystemCoreClock
                0x080242cc                cy_delayFreqHz
                0x080242d0                cy_delayFreqMhz
                0x080242d4                cy_delayFreqKhz
                0x080242d8                cy_delay32kMs
 .data.impure_data
                0x080242dc       0x60 c:/program files (x86)/cypress/psoc creator/4.4/psoc creator/import/gnu/arm/5.4.1/bin/../lib/gcc/arm-none-eabi/5.4.1/../../../../arm-none-eabi/lib/armv7e-m/softfp\libg_nano.a(lib_a-impure.o)
 .data._impure_ptr
                0x0802433c        0x4 c:/program files (x86)/cypress/psoc creator/4.4/psoc creator/import/gnu/arm/5.4.1/bin/../lib/gcc/arm-none-eabi/5.4.1/../../../../arm-none-eabi/lib/armv7e-m/softfp\libg_nano.a(lib_a-impure.o)
                0x0802433c                _impure_ptr
 .data.lconv    0x08024340       0x38 c:/program files (x86)/cypress/psoc creator/4.4/psoc creator/import/gnu/arm/5.4.1/bin/../lib/gcc/arm-none-eabi/5.4.1/../../../../arm-none-eabi/lib/armv7e-m/softfp\libg_nano.a(lib_a-locale.o)
 .data.__fdlib_version
                0x08024378        0x1 c:/program files (x86)/cypress/psoc creator/4.4/psoc creator/import/gnu/arm/5.4.1/bin/../lib/gcc/arm-none-eabi/5.4.1/../../../../arm-none-eabi/lib/armv7e-m/softfp\libm.a(lib_a-s_lib_ver.o)
                0x08024378                __fdlib_version
                0x0802437c                . = ALIGN (0x4)
 *fill*         0x08024379        0x3 
                0x0802437c                PROVIDE (__preinit_array_start, .)
 *(.preinit_array)
                0x0802437c                PROVIDE (__preinit_array_end, .)
                0x0802437c                . = ALIGN (0x4)
                0x0802437c                PROVIDE (__init_array_start, .)
 *(SORT(.init_array.*))
 *(.init_array)
 .init_array    0x0802437c        0x4 c:/program files (x86)/cypress/psoc creator/4.4/psoc creator/import/gnu/arm/5.4.1/bin/../lib/gcc/arm-none-eabi/5.4.1/armv7e-m/softfp/crtbegin.o
                0x08024380                PROVIDE (__init_array_end, .)
                0x08024380                . = ALIGN (0x4)
                [!provide]                PROVIDE (__fini_array_start, .)
 *(SORT(.fini_array.*))
 *(.fini_array)
 .fini_array    0x08024380        0x4 c:/program files (x86)/cypress/psoc creator/4.4/psoc creator/import/gnu/arm/5.4.1/bin/../lib/gcc/arm-none-eabi/5.4.1/armv7e-m/softfp/crtbegin.o
                [!provide]                PROVIDE (__fini_array_end, .)
 *(.jcr*)
 .jcr           0x08024384        0x0 c:/program files (x86)/cypress/psoc creator/4.4/psoc creator/import/gnu/arm/5.4.1/bin/../lib/gcc/arm-none-eabi/5.4.1/armv7e-m/softfp/crtbegin.o
 .jcr           0x08024384        0x4 c:/program files (x86)/cypress/psoc creator/4.4/psoc creator/import/gnu/arm/5.4.1/bin/../lib/gcc/arm-none-eabi/5.4.1/armv7e-m/softfp/crtend.o
                0x08024388                . = ALIGN (0x4)
 *(.cy_ramfunc*)
 .cy_ramfunc    0x08024388      0x240 .\CortexM4\ARM_GCC_541\Release\cy_flash.o
                0x08024412                Cy_Flash_ResumeIrqHandler
 .cy_ramfunc    0x080245c8      0x1d4 .\CortexM4\ARM_GCC_541\Release\cy_syspm.o
 *fill*         0x0802479c        0x4 
 .cy_ramfunc.__stub
                0x080247a0       0xc0 linker stubs
                0x08024860                . = ALIGN (0x4)
                0x08024860                __data_end__ = .

.igot.plt       0x08024860        0x0 load address 0x10087da8
 .igot.plt      0x08024860        0x0 c:/program files (x86)/cypress/psoc creator/4.4/psoc creator/import/gnu/arm/5.4.1/bin/../lib/gcc/arm-none-eabi/5.4.1/armv7e-m/softfp/crtbegin.o

.noinit         0x08024860       0x78 load address 0x10087da8
 *(.noinit)
 .noinit        0x08024860       0x78 .\CortexM4\ARM_GCC_541\Release\cy_syslib.o
                0x08024860                cy_faultFrame

.bss            0x080248d8      0x3cc load address 0x10087e20
                0x080248d8                . = ALIGN (0x4)
                0x080248d8                __bss_start__ = .
 *(.bss*)
 .bss           0x080248d8       0x1c c:/program files (x86)/cypress/psoc creator/4.4/psoc creator/import/gnu/arm/5.4.1/bin/../lib/gcc/arm-none-eabi/5.4.1/armv7e-m/softfp/crtbegin.o
 .bss           0x080248f4       0x6c .\CortexM4\ARM_GCC_541\Release\main_cm4.o
                0x080248f4                control_flag
                0x080248f8                x
                0x080248fc                y
                0x08024900                v_R
                0x08024904                v_L
                0x08024908                v_R_des
                0x0802490c                v_L_des
                0x08024910                theta_des
                0x08024914                Last_theta_des
                0x08024918                theta_act
                0x0802491c                error
                0x08024920                nGiri
                0x08024924                v_1_des
                0x08024928                v_2_des
                0x0802492c                test_selector
                0x08024930                x_des
                0x08024934                y_des
                0x08024938                tick_L
                0x0802493c                process_data_flag
                0x08024940                filtered_distance
                0x08024944                first_echo_detected
                0x08024948                value_echo
                0x0802494c                distancia
                0x08024950                value_counter
                0x08024954                u_L
                0x08024958                u_R
                0x0802495c                tick_R
 .bss           0x08024960      0x180 .\CortexM4\ARM_GCC_541\Release\system_psoc6_cm4.o
 .bss           0x08024ae0        0x8 .\CortexM4\ARM_GCC_541\Release\encoder.o
                0x08024ae0                filtered_u_L
                0x08024ae4                filtered_u_R
 .bss           0x08024ae8        0x1 .\CortexM4\ARM_GCC_541\Release\UART_1.o
                0x08024ae8                UART_1_initVar
 *fill*         0x08024ae9        0x3 
 .bss           0x08024aec       0x18 .\CortexM4\ARM_GCC_541\Release\cy_flash.o
 .bss           0x08024b04        0xc .\CortexM4\ARM_GCC_541\Release\cy_ipc_sema.o
 .bss           0x08024b10        0x4 .\CortexM4\ARM_GCC_541\Release\cy_ipc_pipe.o
 .bss           0x08024b14       0x3c .\CortexM4\ARM_GCC_541\Release\cy_syspm.o
 .bss           0x08024b50        0x1 .\CortexM4\ARM_GCC_541\Release\Counter_1.o
                0x08024b50                Counter_1_initVar
 .bss           0x08024b51        0x1 .\CortexM4\ARM_GCC_541\Release\PWM_L.o
                0x08024b51                PWM_L_initVar
 .bss           0x08024b52        0x1 .\CortexM4\ARM_GCC_541\Release\PWM_R.o
                0x08024b52                PWM_R_initVar
 .bss           0x08024b53        0x1 .\CortexM4\ARM_GCC_541\Release\Counter_2.o
                0x08024b53                Counter_2_initVar
 .bss           0x08024b54        0x6 .\CortexM4\ARM_GCC_541\Release\ADC_1.o
                0x08024b54                ADC_1_currentConfig
                0x08024b58                ADC_1_initVar
                0x08024b59                ADC_1_selected
 *fill*         0x08024b5a        0x2 
 .bss.__malloc_sbrk_start
                0x08024b5c        0x4 c:/program files (x86)/cypress/psoc creator/4.4/psoc creator/import/gnu/arm/5.4.1/bin/../lib/gcc/arm-none-eabi/5.4.1/../../../../arm-none-eabi/lib/armv7e-m/softfp\libg_nano.a(lib_a-nano-mallocr.o)
                0x08024b5c                __malloc_sbrk_start
 .bss.__malloc_free_list
                0x08024b60        0x4 c:/program files (x86)/cypress/psoc creator/4.4/psoc creator/import/gnu/arm/5.4.1/bin/../lib/gcc/arm-none-eabi/5.4.1/../../../../arm-none-eabi/lib/armv7e-m/softfp\libg_nano.a(lib_a-nano-mallocr.o)
                0x08024b60                __malloc_free_list
 .bss.heap_end.4169
                0x08024b64        0x4 c:/program files (x86)/cypress/psoc creator/4.4/psoc creator/import/gnu/arm/5.4.1/bin/../lib/gcc/arm-none-eabi/5.4.1/../../../../arm-none-eabi/lib/armv7e-m/softfp\libnosys.a(sbrk.o)
 *(COMMON)
 COMMON         0x08024b68       0x9b .\CortexM4\ARM_GCC_541\Release\main_cm4.o
                0x08024b68                buffer
                0x08024be5                imp
 *fill*         0x08024c03        0x1 
 COMMON         0x08024c04        0x4 .\CortexM4\ARM_GCC_541\Release\light_sensor.o
                0x08024c04                sample_uV
 COMMON         0x08024c08       0x34 .\CortexM4\ARM_GCC_541\Release\UART_1.o
                0x08024c08                UART_1_context
 COMMON         0x08024c3c        0x4 .\CortexM4\ARM_GCC_541\Release\cy_device.o
                0x08024c3c                cy_device
 COMMON         0x08024c40       0x60 .\CortexM4\ARM_GCC_541\Release\cy_sar.o
                0x08024c40                Cy_SAR_offset
                0x08024c60                Cy_SAR_countsPer10Volt
 COMMON         0x08024ca0        0x4 c:/program files (x86)/cypress/psoc creator/4.4/psoc creator/import/gnu/arm/5.4.1/bin/../lib/gcc/arm-none-eabi/5.4.1/../../../../arm-none-eabi/lib/armv7e-m/softfp\libg_nano.a(lib_a-reent.o)
                0x08024ca0                errno
                0x08024ca4                . = ALIGN (0x4)
                0x08024ca4                __bss_end__ = .

.heap           0x08024ca8      0x400
                0x08024ca8                __HeapBase = .
                0x08024ca8                __end__ = .
                0x08024ca8                end = __end__
 *(.heap*)
 .heap          0x08024ca8      0x400 .\CortexM4\ARM_GCC_541\Release\startup_psoc6_01_cm4.o
                0x080250a8                __HeapLimit = .

.stack_dummy    0x08024ca8     0x1000
 *(.stack*)
 .stack         0x08024ca8     0x1000 .\CortexM4\ARM_GCC_541\Release\startup_psoc6_01_cm4.o
                0x08047800                __StackTop = (ORIGIN (ram) + LENGTH (ram))
                0x08046800                __StackLimit = (__StackTop - SIZEOF (.stack_dummy))
                0x08047800                PROVIDE (__stack, __StackTop)
                0x00000001                ASSERT ((__StackLimit >= __HeapLimit), region RAM overflowed with stack)

.cy_app_signature
 *(.cy_app_signature)

.cy_em_eeprom
 *(.cy_em_eeprom)

.cy_sflash_user_data
 *(.cy_sflash_user_data)

.cy_sflash_nar
 *(.cy_sflash_nar)

.cy_sflash_public_key
 *(.cy_sflash_public_key)

.cy_toc_part2
 *(.cy_toc_part2)

.cy_rtoc_part2
 *(.cy_rtoc_part2)

.cy_xip
 *(.cy_xip)

.cy_efuse
 *(.cy_efuse)

.cymeta         0x90500000        0xc
 *(.cymeta)
 .cymeta        0x90500000        0xc .\CortexM4\ARM_GCC_541\Release\cymetadata.o
                0x90500000                cy_metadata
                0x10000000                __cy_memory_0_start = 0x10000000
                0x00100000                __cy_memory_0_length = 0x100000
                0x00000200                __cy_memory_0_row_size = 0x200
                0x14000000                __cy_memory_1_start = 0x14000000
                0x00008000                __cy_memory_1_length = 0x8000
                0x00000200                __cy_memory_1_row_size = 0x200
                0x16000000                __cy_memory_2_start = 0x16000000
                0x00008000                __cy_memory_2_length = 0x8000
                0x00000200                __cy_memory_2_row_size = 0x200
                0x18000000                __cy_memory_3_start = 0x18000000
                0x08000000                __cy_memory_3_length = 0x8000000
                0x00000200                __cy_memory_3_row_size = 0x200
                0x90700000                __cy_memory_4_start = 0x90700000
                0x00100000                __cy_memory_4_length = 0x100000
                0x00000001                __cy_memory_4_row_size = 0x1
OUTPUT(C:\Users\mcfdo\OneDrive\Documents\PSoC Creator\Workspace_prog1\Mario_mobile_robot_Copy_01_Copy_01.cydsn\CortexM4\ARM_GCC_541\Release\Mario_mobile_robot_Copy_01_Copy_01_link.elf elf32-littlearm)

.rel.dyn        0x08024ca4        0x0 load address 0x98563554
 .rel.iplt      0x08024ca4        0x0 c:/program files (x86)/cypress/psoc creator/4.4/psoc creator/import/gnu/arm/5.4.1/bin/../lib/gcc/arm-none-eabi/5.4.1/armv7e-m/softfp/crtbegin.o

.ARM.attributes
                0x00000000       0x2e
 .ARM.attributes
                0x00000000       0x22 c:/program files (x86)/cypress/psoc creator/4.4/psoc creator/import/gnu/arm/5.4.1/bin/../lib/gcc/arm-none-eabi/5.4.1/armv7e-m/softfp/crti.o
 .ARM.attributes
                0x00000022       0x32 c:/program files (x86)/cypress/psoc creator/4.4/psoc creator/import/gnu/arm/5.4.1/bin/../lib/gcc/arm-none-eabi/5.4.1/armv7e-m/softfp/crtbegin.o
 .ARM.attributes
                0x00000054       0x1f .\CortexM4\ARM_GCC_541\Release\startup_psoc6_01_cm4.o
 .ARM.attributes
                0x00000073       0x37 .\CortexM4\ARM_GCC_541\Release\main_cm4.o
 .ARM.attributes
                0x000000aa       0x37 .\CortexM4\ARM_GCC_541\Release\system_psoc6_cm4.o
 .ARM.attributes
                0x000000e1       0x37 .\CortexM4\ARM_GCC_541\Release\light_sensor.o
 .ARM.attributes
                0x00000118       0x37 .\CortexM4\ARM_GCC_541\Release\control.o
 .ARM.attributes
                0x0000014f       0x37 .\CortexM4\ARM_GCC_541\Release\encoder.o
 .ARM.attributes
                0x00000186       0x37 .\CortexM4\ARM_GCC_541\Release\odometry.o
 .ARM.attributes
                0x000001bd       0x37 .\CortexM4\ARM_GCC_541\Release\cyfitter_sysint_cfg.o
 .ARM.attributes
                0x000001f4       0x37 .\CortexM4\ARM_GCC_541\Release\cymetadata.o
 .ARM.attributes
                0x0000022b       0x37 .\CortexM4\ARM_GCC_541\Release\UART_1.o
 .ARM.attributes
                0x00000262       0x37 .\CortexM4\ARM_GCC_541\Release\cy_flash.o
 .ARM.attributes
                0x00000299       0x37 .\CortexM4\ARM_GCC_541\Release\cy_ipc_drv.o
 .ARM.attributes
                0x000002d0       0x37 .\CortexM4\ARM_GCC_541\Release\cy_ipc_sema.o
 .ARM.attributes
                0x00000307       0x37 .\CortexM4\ARM_GCC_541\Release\cy_ipc_pipe.o
 .ARM.attributes
                0x0000033e       0x37 .\CortexM4\ARM_GCC_541\Release\cy_scb_common.o
 .ARM.attributes
                0x00000375       0x37 .\CortexM4\ARM_GCC_541\Release\cy_scb_uart.o
 .ARM.attributes
                0x000003ac       0x37 .\CortexM4\ARM_GCC_541\Release\cy_sysint.o
 .ARM.attributes
                0x000003e3       0x37 .\CortexM4\ARM_GCC_541\Release\cy_syslib.o
 .ARM.attributes
                0x0000041a       0x25 .\CortexM4\ARM_GCC_541\Release\cy_syslib_gcc.o
 .ARM.attributes
                0x0000043f       0x37 .\CortexM4\ARM_GCC_541\Release\cy_syspm.o
 .ARM.attributes
                0x00000476       0x37 .\CortexM4\ARM_GCC_541\Release\cy_device.o
 .ARM.attributes
                0x000004ad       0x37 .\CortexM4\ARM_GCC_541\Release\cy_tcpwm_counter.o
 .ARM.attributes
                0x000004e4       0x37 .\CortexM4\ARM_GCC_541\Release\cy_tcpwm_pwm.o
 .ARM.attributes
                0x0000051b       0x37 .\CortexM4\ARM_GCC_541\Release\cy_sar.o
 .ARM.attributes
                0x00000552       0x37 .\CortexM4\ARM_GCC_541\Release\Counter_1.o
 .ARM.attributes
                0x00000589       0x37 .\CortexM4\ARM_GCC_541\Release\PWM_L.o
 .ARM.attributes
                0x000005c0       0x37 .\CortexM4\ARM_GCC_541\Release\PWM_R.o
 .ARM.attributes
                0x000005f7       0x37 .\CortexM4\ARM_GCC_541\Release\Counter_2.o
 .ARM.attributes
                0x0000062e       0x37 .\CortexM4\ARM_GCC_541\Release\ADC_1.o
 .ARM.attributes
                0x00000665       0x37 .\CortexM4\ARM_GCC_541\Release\ADC_1_INT.o
 .ARM.attributes
                0x0000069c       0x37 .\CortexM4\ARM_GCC_541\Release\ADC_1_INIT.o
 .ARM.attributes
                0x000006d3       0x22 c:/program files (x86)/cypress/psoc creator/4.4/psoc creator/import/gnu/arm/5.4.1/bin/../lib/gcc/arm-none-eabi/5.4.1/armv7e-m/softfp\libgcc.a(_arm_addsubdf3.o)
 .ARM.attributes
                0x000006f5       0x22 c:/program files (x86)/cypress/psoc creator/4.4/psoc creator/import/gnu/arm/5.4.1/bin/../lib/gcc/arm-none-eabi/5.4.1/armv7e-m/softfp\libgcc.a(_arm_muldivdf3.o)
 .ARM.attributes
                0x00000717       0x22 c:/program files (x86)/cypress/psoc creator/4.4/psoc creator/import/gnu/arm/5.4.1/bin/../lib/gcc/arm-none-eabi/5.4.1/armv7e-m/softfp\libgcc.a(_arm_cmpdf2.o)
 .ARM.attributes
                0x00000739       0x22 c:/program files (x86)/cypress/psoc creator/4.4/psoc creator/import/gnu/arm/5.4.1/bin/../lib/gcc/arm-none-eabi/5.4.1/armv7e-m/softfp\libgcc.a(_arm_fixdfsi.o)
 .ARM.attributes
                0x0000075b       0x22 c:/program files (x86)/cypress/psoc creator/4.4/psoc creator/import/gnu/arm/5.4.1/bin/../lib/gcc/arm-none-eabi/5.4.1/armv7e-m/softfp\libgcc.a(_arm_fixunsdfsi.o)
 .ARM.attributes
                0x0000077d       0x22 c:/program files (x86)/cypress/psoc creator/4.4/psoc creator/import/gnu/arm/5.4.1/bin/../lib/gcc/arm-none-eabi/5.4.1/armv7e-m/softfp\libgcc.a(_arm_truncdfsf2.o)
 .ARM.attributes
                0x0000079f       0x22 c:/program files (x86)/cypress/psoc creator/4.4/psoc creator/import/gnu/arm/5.4.1/bin/../lib/gcc/arm-none-eabi/5.4.1/armv7e-m/softfp\libgcc.a(_aeabi_ldivmod.o)
 .ARM.attributes
                0x000007c1       0x32 c:/program files (x86)/cypress/psoc creator/4.4/psoc creator/import/gnu/arm/5.4.1/bin/../lib/gcc/arm-none-eabi/5.4.1/armv7e-m/softfp\libgcc.a(_udivmoddi4.o)
 .ARM.attributes
                0x000007f3       0x22 c:/program files (x86)/cypress/psoc creator/4.4/psoc creator/import/gnu/arm/5.4.1/bin/../lib/gcc/arm-none-eabi/5.4.1/armv7e-m/softfp\libgcc.a(_dvmd_tls.o)
 .ARM.attributes
                0x00000815       0x32 c:/program files (x86)/cypress/psoc creator/4.4/psoc creator/import/gnu/arm/5.4.1/bin/../lib/gcc/arm-none-eabi/5.4.1/../../../../arm-none-eabi/lib/armv7e-m/softfp\libg_nano.a(lib_a-impure.o)
 .ARM.attributes
                0x00000847       0x32 c:/program files (x86)/cypress/psoc creator/4.4/psoc creator/import/gnu/arm/5.4.1/bin/../lib/gcc/arm-none-eabi/5.4.1/../../../../arm-none-eabi/lib/armv7e-m/softfp\libg_nano.a(lib_a-memset.o)
 .ARM.attributes
                0x00000879       0x32 c:/program files (x86)/cypress/psoc creator/4.4/psoc creator/import/gnu/arm/5.4.1/bin/../lib/gcc/arm-none-eabi/5.4.1/../../../../arm-none-eabi/lib/armv7e-m/softfp\libg_nano.a(lib_a-nano-vfprintf_float.o)
 .ARM.attributes
                0x000008ab       0x32 c:/program files (x86)/cypress/psoc creator/4.4/psoc creator/import/gnu/arm/5.4.1/bin/../lib/gcc/arm-none-eabi/5.4.1/../../../../arm-none-eabi/lib/armv7e-m/softfp\libg_nano.a(lib_a-nano-vfprintf_i.o)
 .ARM.attributes
                0x000008dd       0x32 c:/program files (x86)/cypress/psoc creator/4.4/psoc creator/import/gnu/arm/5.4.1/bin/../lib/gcc/arm-none-eabi/5.4.1/../../../../arm-none-eabi/lib/armv7e-m/softfp\libg_nano.a(lib_a-snprintf.o)
 .ARM.attributes
                0x0000090f       0x1b c:/program files (x86)/cypress/psoc creator/4.4/psoc creator/import/gnu/arm/5.4.1/bin/../lib/gcc/arm-none-eabi/5.4.1/../../../../arm-none-eabi/lib/armv7e-m/softfp\libg_nano.a(lib_a-strlen.o)
 .ARM.attributes
                0x0000092a       0x32 c:/program files (x86)/cypress/psoc creator/4.4/psoc creator/import/gnu/arm/5.4.1/bin/../lib/gcc/arm-none-eabi/5.4.1/../../../../arm-none-eabi/lib/armv7e-m/softfp\libg_nano.a(lib_a-dtoa.o)
 .ARM.attributes
                0x0000095c       0x32 c:/program files (x86)/cypress/psoc creator/4.4/psoc creator/import/gnu/arm/5.4.1/bin/../lib/gcc/arm-none-eabi/5.4.1/../../../../arm-none-eabi/lib/armv7e-m/softfp\libg_nano.a(lib_a-locale.o)
 .ARM.attributes
                0x0000098e       0x32 c:/program files (x86)/cypress/psoc creator/4.4/psoc creator/import/gnu/arm/5.4.1/bin/../lib/gcc/arm-none-eabi/5.4.1/../../../../arm-none-eabi/lib/armv7e-m/softfp\libg_nano.a(lib_a-malloc.o)
 .ARM.attributes
                0x000009c0       0x20 c:/program files (x86)/cypress/psoc creator/4.4/psoc creator/import/gnu/arm/5.4.1/bin/../lib/gcc/arm-none-eabi/5.4.1/../../../../arm-none-eabi/lib/armv7e-m/softfp\libg_nano.a(lib_a-memchr.o)
 .ARM.attributes
                0x000009e0       0x32 c:/program files (x86)/cypress/psoc creator/4.4/psoc creator/import/gnu/arm/5.4.1/bin/../lib/gcc/arm-none-eabi/5.4.1/../../../../arm-none-eabi/lib/armv7e-m/softfp\libg_nano.a(lib_a-memcpy-stub.o)
 .ARM.attributes
                0x00000a12       0x32 c:/program files (x86)/cypress/psoc creator/4.4/psoc creator/import/gnu/arm/5.4.1/bin/../lib/gcc/arm-none-eabi/5.4.1/../../../../arm-none-eabi/lib/armv7e-m/softfp\libg_nano.a(lib_a-mprec.o)
 .ARM.attributes
                0x00000a44       0x32 c:/program files (x86)/cypress/psoc creator/4.4/psoc creator/import/gnu/arm/5.4.1/bin/../lib/gcc/arm-none-eabi/5.4.1/../../../../arm-none-eabi/lib/armv7e-m/softfp\libg_nano.a(lib_a-nano-callocr.o)
 .ARM.attributes
                0x00000a76       0x32 c:/program files (x86)/cypress/psoc creator/4.4/psoc creator/import/gnu/arm/5.4.1/bin/../lib/gcc/arm-none-eabi/5.4.1/../../../../arm-none-eabi/lib/armv7e-m/softfp\libg_nano.a(lib_a-nano-freer.o)
 .ARM.attributes
                0x00000aa8       0x32 c:/program files (x86)/cypress/psoc creator/4.4/psoc creator/import/gnu/arm/5.4.1/bin/../lib/gcc/arm-none-eabi/5.4.1/../../../../arm-none-eabi/lib/armv7e-m/softfp\libg_nano.a(lib_a-nano-mallocr.o)
 .ARM.attributes
                0x00000ada       0x32 c:/program files (x86)/cypress/psoc creator/4.4/psoc creator/import/gnu/arm/5.4.1/bin/../lib/gcc/arm-none-eabi/5.4.1/../../../../arm-none-eabi/lib/armv7e-m/softfp\libg_nano.a(lib_a-nano-svfprintf.o)
 .ARM.attributes
                0x00000b0c       0x32 c:/program files (x86)/cypress/psoc creator/4.4/psoc creator/import/gnu/arm/5.4.1/bin/../lib/gcc/arm-none-eabi/5.4.1/../../../../arm-none-eabi/lib/armv7e-m/softfp\libg_nano.a(lib_a-sbrkr.o)
 .ARM.attributes
                0x00000b3e       0x32 c:/program files (x86)/cypress/psoc creator/4.4/psoc creator/import/gnu/arm/5.4.1/bin/../lib/gcc/arm-none-eabi/5.4.1/../../../../arm-none-eabi/lib/armv7e-m/softfp\libg_nano.a(lib_a-memmove.o)
 .ARM.attributes
                0x00000b70       0x32 c:/program files (x86)/cypress/psoc creator/4.4/psoc creator/import/gnu/arm/5.4.1/bin/../lib/gcc/arm-none-eabi/5.4.1/../../../../arm-none-eabi/lib/armv7e-m/softfp\libg_nano.a(lib_a-mlock.o)
 .ARM.attributes
                0x00000ba2       0x32 c:/program files (x86)/cypress/psoc creator/4.4/psoc creator/import/gnu/arm/5.4.1/bin/../lib/gcc/arm-none-eabi/5.4.1/../../../../arm-none-eabi/lib/armv7e-m/softfp\libg_nano.a(lib_a-nano-reallocr.o)
 .ARM.attributes
                0x00000bd4       0x32 c:/program files (x86)/cypress/psoc creator/4.4/psoc creator/import/gnu/arm/5.4.1/bin/../lib/gcc/arm-none-eabi/5.4.1/../../../../arm-none-eabi/lib/armv7e-m/softfp\libg_nano.a(lib_a-reent.o)
 .ARM.attributes
                0x00000c06       0x32 c:/program files (x86)/cypress/psoc creator/4.4/psoc creator/import/gnu/arm/5.4.1/bin/../lib/gcc/arm-none-eabi/5.4.1/../../../../arm-none-eabi/lib/armv7e-m/softfp\libg_nano.a(lib_a-nano-msizer.o)
 .ARM.attributes
                0x00000c38       0x22 c:/program files (x86)/cypress/psoc creator/4.4/psoc creator/import/gnu/arm/5.4.1/bin/../lib/gcc/arm-none-eabi/5.4.1/armv7e-m/softfp\libgcc.a(_arm_unorddf2.o)
 .ARM.attributes
                0x00000c5a       0x32 c:/program files (x86)/cypress/psoc creator/4.4/psoc creator/import/gnu/arm/5.4.1/bin/../lib/gcc/arm-none-eabi/5.4.1/armv7e-m/softfp/crtend.o
 .ARM.attributes
                0x00000c8c       0x22 c:/program files (x86)/cypress/psoc creator/4.4/psoc creator/import/gnu/arm/5.4.1/bin/../lib/gcc/arm-none-eabi/5.4.1/armv7e-m/softfp/crtn.o
 .ARM.attributes
                0x00000cae       0x32 c:/program files (x86)/cypress/psoc creator/4.4/psoc creator/import/gnu/arm/5.4.1/bin/../lib/gcc/arm-none-eabi/5.4.1/../../../../arm-none-eabi/lib/armv7e-m/softfp\libnosys.a(sbrk.o)
 .ARM.attributes
                0x00000ce0       0x32 c:/program files (x86)/cypress/psoc creator/4.4/psoc creator/import/gnu/arm/5.4.1/bin/../lib/gcc/arm-none-eabi/5.4.1/../../../../arm-none-eabi/lib/armv7e-m/softfp\libm.a(lib_a-s_ceil.o)
 .ARM.attributes
                0x00000d12       0x32 c:/program files (x86)/cypress/psoc creator/4.4/psoc creator/import/gnu/arm/5.4.1/bin/../lib/gcc/arm-none-eabi/5.4.1/../../../../arm-none-eabi/lib/armv7e-m/softfp\libm.a(lib_a-s_cos.o)
 .ARM.attributes
                0x00000d44       0x32 c:/program files (x86)/cypress/psoc creator/4.4/psoc creator/import/gnu/arm/5.4.1/bin/../lib/gcc/arm-none-eabi/5.4.1/../../../../arm-none-eabi/lib/armv7e-m/softfp\libm.a(lib_a-s_floor.o)
 .ARM.attributes
                0x00000d76       0x32 c:/program files (x86)/cypress/psoc creator/4.4/psoc creator/import/gnu/arm/5.4.1/bin/../lib/gcc/arm-none-eabi/5.4.1/../../../../arm-none-eabi/lib/armv7e-m/softfp\libm.a(lib_a-s_sin.o)
 .ARM.attributes
                0x00000da8       0x32 c:/program files (x86)/cypress/psoc creator/4.4/psoc creator/import/gnu/arm/5.4.1/bin/../lib/gcc/arm-none-eabi/5.4.1/../../../../arm-none-eabi/lib/armv7e-m/softfp\libm.a(lib_a-w_atan2.o)
 .ARM.attributes
                0x00000dda       0x32 c:/program files (x86)/cypress/psoc creator/4.4/psoc creator/import/gnu/arm/5.4.1/bin/../lib/gcc/arm-none-eabi/5.4.1/../../../../arm-none-eabi/lib/armv7e-m/softfp\libm.a(lib_a-w_sqrt.o)
 .ARM.attributes
                0x00000e0c       0x32 c:/program files (x86)/cypress/psoc creator/4.4/psoc creator/import/gnu/arm/5.4.1/bin/../lib/gcc/arm-none-eabi/5.4.1/../../../../arm-none-eabi/lib/armv7e-m/softfp\libm.a(lib_a-e_atan2.o)
 .ARM.attributes
                0x00000e3e       0x32 c:/program files (x86)/cypress/psoc creator/4.4/psoc creator/import/gnu/arm/5.4.1/bin/../lib/gcc/arm-none-eabi/5.4.1/../../../../arm-none-eabi/lib/armv7e-m/softfp\libm.a(lib_a-e_rem_pio2.o)
 .ARM.attributes
                0x00000e70       0x32 c:/program files (x86)/cypress/psoc creator/4.4/psoc creator/import/gnu/arm/5.4.1/bin/../lib/gcc/arm-none-eabi/5.4.1/../../../../arm-none-eabi/lib/armv7e-m/softfp\libm.a(lib_a-e_sqrt.o)
 .ARM.attributes
                0x00000ea2       0x32 c:/program files (x86)/cypress/psoc creator/4.4/psoc creator/import/gnu/arm/5.4.1/bin/../lib/gcc/arm-none-eabi/5.4.1/../../../../arm-none-eabi/lib/armv7e-m/softfp\libm.a(lib_a-k_cos.o)
 .ARM.attributes
                0x00000ed4       0x32 c:/program files (x86)/cypress/psoc creator/4.4/psoc creator/import/gnu/arm/5.4.1/bin/../lib/gcc/arm-none-eabi/5.4.1/../../../../arm-none-eabi/lib/armv7e-m/softfp\libm.a(lib_a-k_rem_pio2.o)
 .ARM.attributes
                0x00000f06       0x32 c:/program files (x86)/cypress/psoc creator/4.4/psoc creator/import/gnu/arm/5.4.1/bin/../lib/gcc/arm-none-eabi/5.4.1/../../../../arm-none-eabi/lib/armv7e-m/softfp\libm.a(lib_a-k_sin.o)
 .ARM.attributes
                0x00000f38       0x32 c:/program files (x86)/cypress/psoc creator/4.4/psoc creator/import/gnu/arm/5.4.1/bin/../lib/gcc/arm-none-eabi/5.4.1/../../../../arm-none-eabi/lib/armv7e-m/softfp\libm.a(lib_a-s_atan.o)
 .ARM.attributes
                0x00000f6a       0x32 c:/program files (x86)/cypress/psoc creator/4.4/psoc creator/import/gnu/arm/5.4.1/bin/../lib/gcc/arm-none-eabi/5.4.1/../../../../arm-none-eabi/lib/armv7e-m/softfp\libm.a(lib_a-s_fabs.o)
 .ARM.attributes
                0x00000f9c       0x32 c:/program files (x86)/cypress/psoc creator/4.4/psoc creator/import/gnu/arm/5.4.1/bin/../lib/gcc/arm-none-eabi/5.4.1/../../../../arm-none-eabi/lib/armv7e-m/softfp\libm.a(lib_a-s_lib_ver.o)
 .ARM.attributes
                0x00000fce       0x32 c:/program files (x86)/cypress/psoc creator/4.4/psoc creator/import/gnu/arm/5.4.1/bin/../lib/gcc/arm-none-eabi/5.4.1/../../../../arm-none-eabi/lib/armv7e-m/softfp\libm.a(lib_a-s_matherr.o)
 .ARM.attributes
                0x00001000       0x32 c:/program files (x86)/cypress/psoc creator/4.4/psoc creator/import/gnu/arm/5.4.1/bin/../lib/gcc/arm-none-eabi/5.4.1/../../../../arm-none-eabi/lib/armv7e-m/softfp\libm.a(lib_a-s_scalbn.o)
 .ARM.attributes
                0x00001032       0x32 c:/program files (x86)/cypress/psoc creator/4.4/psoc creator/import/gnu/arm/5.4.1/bin/../lib/gcc/arm-none-eabi/5.4.1/../../../../arm-none-eabi/lib/armv7e-m/softfp\libm.a(lib_a-s_copysign.o)
 .ARM.attributes
                0x00001064       0x32 c:/program files (x86)/cypress/psoc creator/4.4/psoc creator/import/gnu/arm/5.4.1/bin/../lib/gcc/arm-none-eabi/5.4.1/../../../../arm-none-eabi/lib/armv7e-m/softfp\libc.a(lib_a-errno.o)

.comment        0x00000000       0x6e
 .comment       0x00000000       0x6e .\CortexM4\ARM_GCC_541\Release\main_cm4.o
                                 0x6f (size before relaxing)
 .comment       0x0000006e       0x6f .\CortexM4\ARM_GCC_541\Release\system_psoc6_cm4.o
 .comment       0x0000006e       0x6f .\CortexM4\ARM_GCC_541\Release\light_sensor.o
 .comment       0x0000006e       0x6f .\CortexM4\ARM_GCC_541\Release\control.o