Archive member included to satisfy reference by file (symbol)

c:/program files (x86)/cypress/psoc creator/4.4/psoc creator/import/gnu/arm/5.4.1/bin/../lib/gcc/arm-none-eabi/5.4.1/armv6-m\libgcc.a(_thumb1_case_uqi.o)
                              .\CortexM0p\ARM_GCC_541\Release\cy_lvd.o (__gnu_thumb1_case_uqi)
c:/program files (x86)/cypress/psoc creator/4.4/psoc creator/import/gnu/arm/5.4.1/bin/../lib/gcc/arm-none-eabi/5.4.1/armv6-m\libgcc.a(_udivsi3.o)
                              .\CortexM0p\ARM_GCC_541\Release\system_psoc6_cm0plus.o (__aeabi_uidiv)
c:/program files (x86)/cypress/psoc creator/4.4/psoc creator/import/gnu/arm/5.4.1/bin/../lib/gcc/arm-none-eabi/5.4.1/armv6-m\libgcc.a(_divsi3.o)
                              .\CortexM0p\ARM_GCC_541\Release\cy_sar.o (__aeabi_idiv)
c:/program files (x86)/cypress/psoc creator/4.4/psoc creator/import/gnu/arm/5.4.1/bin/../lib/gcc/arm-none-eabi/5.4.1/armv6-m\libgcc.a(_dvmd_tls.o)
                              c:/program files (x86)/cypress/psoc creator/4.4/psoc creator/import/gnu/arm/5.4.1/bin/../lib/gcc/arm-none-eabi/5.4.1/armv6-m\libgcc.a(_udivsi3.o) (__aeabi_idiv0)
c:/program files (x86)/cypress/psoc creator/4.4/psoc creator/import/gnu/arm/5.4.1/bin/../lib/gcc/arm-none-eabi/5.4.1/armv6-m\libgcc.a(_arm_cmpsf2.o)
                              .\CortexM0p\ARM_GCC_541\Release\cy_sysclk.o (__aeabi_fcmplt)
c:/program files (x86)/cypress/psoc creator/4.4/psoc creator/import/gnu/arm/5.4.1/bin/../lib/gcc/arm-none-eabi/5.4.1/armv6-m\libgcc.a(_aeabi_ldivmod.o)
                              .\CortexM0p\ARM_GCC_541\Release\cy_sar.o (__aeabi_ldivmod)
c:/program files (x86)/cypress/psoc creator/4.4/psoc creator/import/gnu/arm/5.4.1/bin/../lib/gcc/arm-none-eabi/5.4.1/armv6-m\libgcc.a(_aeabi_uldivmod.o)
                              .\CortexM0p\ARM_GCC_541\Release\cy_sysclk.o (__aeabi_uldivmod)
c:/program files (x86)/cypress/psoc creator/4.4/psoc creator/import/gnu/arm/5.4.1/bin/../lib/gcc/arm-none-eabi/5.4.1/armv6-m\libgcc.a(_muldi3.o)
                              .\CortexM0p\ARM_GCC_541\Release\cy_profile.o (__aeabi_lmul)
c:/program files (x86)/cypress/psoc creator/4.4/psoc creator/import/gnu/arm/5.4.1/bin/../lib/gcc/arm-none-eabi/5.4.1/armv6-m\libgcc.a(_fixunssfsi.o)
                              .\CortexM0p\ARM_GCC_541\Release\cy_sysclk.o (__aeabi_f2uiz)
c:/program files (x86)/cypress/psoc creator/4.4/psoc creator/import/gnu/arm/5.4.1/bin/../lib/gcc/arm-none-eabi/5.4.1/armv6-m\libgcc.a(_fixunsdfsi.o)
                              .\CortexM0p\ARM_GCC_541\Release\cy_sysclk.o (__aeabi_d2uiz)
c:/program files (x86)/cypress/psoc creator/4.4/psoc creator/import/gnu/arm/5.4.1/bin/../lib/gcc/arm-none-eabi/5.4.1/armv6-m\libgcc.a(_udivmoddi4.o)
                              c:/program files (x86)/cypress/psoc creator/4.4/psoc creator/import/gnu/arm/5.4.1/bin/../lib/gcc/arm-none-eabi/5.4.1/armv6-m\libgcc.a(_aeabi_uldivmod.o) (__udivmoddi4)
c:/program files (x86)/cypress/psoc creator/4.4/psoc creator/import/gnu/arm/5.4.1/bin/../lib/gcc/arm-none-eabi/5.4.1/armv6-m\libgcc.a(bpabi.o)
                              c:/program files (x86)/cypress/psoc creator/4.4/psoc creator/import/gnu/arm/5.4.1/bin/../lib/gcc/arm-none-eabi/5.4.1/armv6-m\libgcc.a(_aeabi_ldivmod.o) (__gnu_ldivmod_helper)
c:/program files (x86)/cypress/psoc creator/4.4/psoc creator/import/gnu/arm/5.4.1/bin/../lib/gcc/arm-none-eabi/5.4.1/armv6-m\libgcc.a(addsf3.o)
                              .\CortexM0p\ARM_GCC_541\Release\cy_sysclk.o (__aeabi_fadd)
c:/program files (x86)/cypress/psoc creator/4.4/psoc creator/import/gnu/arm/5.4.1/bin/../lib/gcc/arm-none-eabi/5.4.1/armv6-m\libgcc.a(divsf3.o)
                              .\CortexM0p\ARM_GCC_541\Release\cy_sysclk.o (__aeabi_fdiv)
c:/program files (x86)/cypress/psoc creator/4.4/psoc creator/import/gnu/arm/5.4.1/bin/../lib/gcc/arm-none-eabi/5.4.1/armv6-m\libgcc.a(eqsf2.o)
                              c:/program files (x86)/cypress/psoc creator/4.4/psoc creator/import/gnu/arm/5.4.1/bin/../lib/gcc/arm-none-eabi/5.4.1/armv6-m\libgcc.a(_arm_cmpsf2.o) (__eqsf2)
c:/program files (x86)/cypress/psoc creator/4.4/psoc creator/import/gnu/arm/5.4.1/bin/../lib/gcc/arm-none-eabi/5.4.1/armv6-m\libgcc.a(gesf2.o)
                              c:/program files (x86)/cypress/psoc creator/4.4/psoc creator/import/gnu/arm/5.4.1/bin/../lib/gcc/arm-none-eabi/5.4.1/armv6-m\libgcc.a(_arm_cmpsf2.o) (__gesf2)
c:/program files (x86)/cypress/psoc creator/4.4/psoc creator/import/gnu/arm/5.4.1/bin/../lib/gcc/arm-none-eabi/5.4.1/armv6-m\libgcc.a(lesf2.o)
                              c:/program files (x86)/cypress/psoc creator/4.4/psoc creator/import/gnu/arm/5.4.1/bin/../lib/gcc/arm-none-eabi/5.4.1/armv6-m\libgcc.a(_arm_cmpsf2.o) (__lesf2)
c:/program files (x86)/cypress/psoc creator/4.4/psoc creator/import/gnu/arm/5.4.1/bin/../lib/gcc/arm-none-eabi/5.4.1/armv6-m\libgcc.a(mulsf3.o)
                              .\CortexM0p\ARM_GCC_541\Release\cy_sysclk.o (__aeabi_fmul)
[...]
Memory Configuration

Name             Origin             Length             Attributes
ram              0x08000000         0x00024000         xrw
flash            0x10000000         0x00080000         xr
em_eeprom        0x14000000         0x00008000         xr
sflash_user_data 0x16000800         0x00000800         xr
sflash_nar       0x16001a00         0x00000200         xr
sflash_public_key 0x16005a00         0x00000c00         xr
sflash_toc_2     0x16007c00         0x00000200         xr
sflash_rtoc_2    0x16007e00         0x00000200         xr
xip              0x18000000         0x08000000         xr
efuse            0x90700000         0x00100000         r
*default*        0x00000000         0xffffffff

Linker script and memory map

LOAD c:/program files (x86)/cypress/psoc creator/4.4/psoc creator/import/gnu/arm/5.4.1/bin/../lib/gcc/arm-none-eabi/5.4.1/armv6-m/crti.o
LOAD c:/program files (x86)/cypress/psoc creator/4.4/psoc creator/import/gnu/arm/5.4.1/bin/../lib/gcc/arm-none-eabi/5.4.1/armv6-m/crtbegin.o
LOAD c:/program files (x86)/cypress/psoc creator/4.4/psoc creator/import/gnu/arm/5.4.1/bin/../lib/gcc/arm-none-eabi/5.4.1/../../../../arm-none-eabi/lib/armv6-m/crt0.o
START GROUP
LOAD .\CortexM0p\ARM_GCC_541\Release\startup_psoc6_01_cm0plus.o
LOAD .\CortexM0p\ARM_GCC_541\Release\main_cm0p.o
LOAD .\CortexM0p\ARM_GCC_541\Release\system_psoc6_cm0plus.o
LOAD .\CortexM0p\ARM_GCC_541\Release\cyfitter_sysint_cfg.o
LOAD .\CortexM0p\ARM_GCC_541\Release\cyfitter_cfg.o
LOAD .\CortexM0p\ARM_GCC_541\Release\cymetadata.o
LOAD .\CortexM0p\ARM_GCC_541\Release\UART_1.o
LOAD .\CortexM0p\ARM_GCC_541\Release\cy_efuse.o
LOAD .\CortexM0p\ARM_GCC_541\Release\cy_flash.o
LOAD .\CortexM0p\ARM_GCC_541\Release\cy_gpio.o
LOAD .\CortexM0p\ARM_GCC_541\Release\cy_ipc_drv.o
LOAD .\CortexM0p\ARM_GCC_541\Release\cy_ipc_sema.o
LOAD .\CortexM0p\ARM_GCC_541\Release\cy_ipc_pipe.o
LOAD .\CortexM0p\ARM_GCC_541\Release\cy_lvd.o
LOAD .\CortexM0p\ARM_GCC_541\Release\cy_profile.o
LOAD .\CortexM0p\ARM_GCC_541\Release\cy_prot.o
LOAD .\CortexM0p\ARM_GCC_541\Release\cy_scb_common.o
LOAD .\CortexM0p\ARM_GCC_541\Release\cy_scb_i2c.o
LOAD .\CortexM0p\ARM_GCC_541\Release\cy_scb_ezi2c.o
LOAD .\CortexM0p\ARM_GCC_541\Release\cy_scb_spi.o
LOAD .\CortexM0p\ARM_GCC_541\Release\cy_scb_uart.o
LOAD .\CortexM0p\ARM_GCC_541\Release\cy_sysanalog.o
LOAD .\CortexM0p\ARM_GCC_541\Release\cy_sysclk.o
LOAD .\CortexM0p\ARM_GCC_541\Release\cy_sysint.o
LOAD .\CortexM0p\ARM_GCC_541\Release\cy_syslib.o
LOAD .\CortexM0p\ARM_GCC_541\Release\cy_syslib_gcc.o
LOAD .\CortexM0p\ARM_GCC_541\Release\cy_syspm.o
LOAD .\CortexM0p\ARM_GCC_541\Release\cy_systick.o
LOAD .\CortexM0p\ARM_GCC_541\Release\cy_trigmux.o
LOAD .\CortexM0p\ARM_GCC_541\Release\cy_wdt.o
LOAD .\CortexM0p\ARM_GCC_541\Release\cy_device.o
LOAD .\CortexM0p\ARM_GCC_541\Release\cy_tcpwm_counter.o
LOAD .\CortexM0p\ARM_GCC_541\Release\cy_tcpwm_pwm.o
LOAD .\CortexM0p\ARM_GCC_541\Release\cy_tcpwm_quaddec.o
LOAD .\CortexM0p\ARM_GCC_541\Release\cy_sar.o
LOAD .\CortexM0p\ARM_GCC_541\Release\cy_ble_clk.o
LOAD .\CortexM0p\ARM_GCC_541\Release\Counter_1.o
LOAD .\CortexM0p\ARM_GCC_541\Release\PWM_L.o
LOAD .\CortexM0p\ARM_GCC_541\Release\PWM_R.o
LOAD .\CortexM0p\ARM_GCC_541\Release\Counter_2.o
LOAD .\CortexM0p\ARM_GCC_541\Release\Counter_3.o
LOAD .\CortexM0p\ARM_GCC_541\Release\ADC_1.o
LOAD .\CortexM0p\ARM_GCC_541\Release\ADC_1_INT.o
LOAD .\CortexM0p\ARM_GCC_541\Release\ADC_1_INIT.o
LOAD .\CortexM0p\ARM_GCC_541\Release\ADC_1_PM.o
LOAD .\CortexM0p\ARM_GCC_541\Release\Counter_4.o
END GROUP
START GROUP
LOAD c:/program files (x86)/cypress/psoc creator/4.4/psoc creator/import/gnu/arm/5.4.1/bin/../lib/gcc/arm-none-eabi/5.4.1/armv6-m\libgcc.a
LOAD c:/program files (x86)/cypress/psoc creator/4.4/psoc creator/import/gnu/arm/5.4.1/bin/../lib/gcc/arm-none-eabi/5.4.1/../../../../arm-none-eabi/lib/armv6-m\libg_nano.a
LOAD c:/program files (x86)/cypress/psoc creator/4.4/psoc creator/import/gnu/arm/5.4.1/bin/../lib/gcc/arm-none-eabi/5.4.1/../../../../arm-none-eabi/lib/armv6-m\libc_nano.a
END GROUP
START GROUP
LOAD c:/program files (x86)/cypress/psoc creator/4.4/psoc creator/import/gnu/arm/5.4.1/bin/../lib/gcc/arm-none-eabi/5.4.1/armv6-m\libgcc.a
LOAD c:/program files (x86)/cypress/psoc creator/4.4/psoc creator/import/gnu/arm/5.4.1/bin/../lib/gcc/arm-none-eabi/5.4.1/../../../../arm-none-eabi/lib/armv6-m\libc_nano.a
END GROUP
LOAD c:/program files (x86)/cypress/psoc creator/4.4/psoc creator/import/gnu/arm/5.4.1/bin/../lib/gcc/arm-none-eabi/5.4.1/armv6-m/crtend.o
LOAD c:/program files (x86)/cypress/psoc creator/4.4/psoc creator/import/gnu/arm/5.4.1/bin/../lib/gcc/arm-none-eabi/5.4.1/armv6-m/crtn.o
START GROUP
LOAD c:/program files (x86)/cypress/psoc creator/4.4/psoc creator/import/gnu/arm/5.4.1/bin/../lib/gcc/arm-none-eabi/5.4.1/armv6-m\libgcc.a
LOAD c:/program files (x86)/cypress/psoc creator/4.4/psoc creator/import/gnu/arm/5.4.1/bin/../lib/gcc/arm-none-eabi/5.4.1/../../../../arm-none-eabi/lib/armv6-m\libc.a
LOAD c:/program files (x86)/cypress/psoc creator/4.4/psoc creator/import/gnu/arm/5.4.1/bin/../lib/gcc/arm-none-eabi/5.4.1/../../../../arm-none-eabi/lib/armv6-m\libnosys.a
END GROUP
START GROUP
LOAD c:/program files (x86)/cypress/psoc creator/4.4/psoc creator/import/gnu/arm/5.4.1/bin/../lib/gcc/arm-none-eabi/5.4.1/armv6-m\libgcc.a
LOAD c:/program files (x86)/cypress/psoc creator/4.4/psoc creator/import/gnu/arm/5.4.1/bin/../lib/gcc/arm-none-eabi/5.4.1/../../../../arm-none-eabi/lib/armv6-m\libc.a
LOAD c:/program files (x86)/cypress/psoc creator/4.4/psoc creator/import/gnu/arm/5.4.1/bin/../lib/gcc/arm-none-eabi/5.4.1/../../../../arm-none-eabi/lib/armv6-m\libm.a
LOAD c:/program files (x86)/cypress/psoc creator/4.4/psoc creator/import/gnu/arm/5.4.1/bin/../lib/gcc/arm-none-eabi/5.4.1/../../../../arm-none-eabi/lib/armv6-m\libnosys.a
END GROUP

.cy_app_header
 *(.cy_app_header)

.text           0x10000000     0x2758
                0x10000000                . = ALIGN (0x4)
                0x10000000                __Vectors = .
 *(.vectors)
 .vectors       0x10000000       0xc0 .\CortexM0p\ARM_GCC_541\Release\startup_psoc6_01_cm0plus.o
                0x100000c0                . = ALIGN (0x4)
                0x100000c0                __Vectors_End = .
                0x000000c0                __Vectors_Size = (__Vectors_End - __Vectors)
                0x100000c0                __end__ = .
                0x100000c0                . = ALIGN (0x4)
 *(.text*)
 .text          0x100000c0       0x60 c:/program files (x86)/cypress/psoc creator/4.4/psoc creator/import/gnu/arm/5.4.1/bin/../lib/gcc/arm-none-eabi/5.4.1/armv6-m/crtbegin.o
 .text          0x10000120       0x80 .\CortexM0p\ARM_GCC_541\Release\startup_psoc6_01_cm0plus.o
                0x10000120                Cy_OnResetUser
                0x10000122                Reset_Handler
                0x10000180                NvicMux10_IRQHandler
                0x10000180                NvicMux26_IRQHandler
                0x10000180                SysTick_Handler
                0x10000180                NvicMux21_IRQHandler
                0x10000180                NMI_Handler
                0x10000180                NvicMux19_IRQHandler
                0x10000180                NvicMux8_IRQHandler
                0x10000180                NvicMux27_IRQHandler
                0x10000180                PendSV_Handler
                0x10000180                NvicMux17_IRQHandler
                0x10000180                NvicMux0_IRQHandler
                0x10000180                NvicMux25_IRQHandler
                0x10000180                NvicMux13_IRQHandler
                0x10000180                NvicMux11_IRQHandler
                0x10000180                NvicMux9_IRQHandler
                0x10000180                NvicMux18_IRQHandler
                0x10000180                NvicMux6_IRQHandler
                0x10000180                NvicMux22_IRQHandler
                0x10000180                NvicMux7_IRQHandler
                0x10000180                NvicMux2_IRQHandler
                0x10000180                NvicMux4_IRQHandler
                0x10000180                Default_Handler
                0x10000180                NvicMux30_IRQHandler
                0x10000180                NvicMux12_IRQHandler
                0x10000180                NvicMux5_IRQHandler
                0x10000180                NvicMux14_IRQHandler
                0x10000180                NvicMux3_IRQHandler
                0x10000180                SVC_Handler
                0x10000180                NvicMux1_IRQHandler
                0x10000180                NvicMux16_IRQHandler
                0x10000180                NvicMux29_IRQHandler
                0x10000180                NvicMux31_IRQHandler
                0x10000180                NvicMux24_IRQHandler
                0x10000180                NvicMux20_IRQHandler
                0x10000180                NvicMux15_IRQHandler
                0x10000180                NvicMux28_IRQHandler
                0x10000180                NvicMux23_IRQHandler
                0x10000184                HardFault_Handler
 .text.startup.main
                0x100001a0       0x10 .\CortexM0p\ARM_GCC_541\Release\main_cm0p.o
                0x100001a0                main
 .text.Cy_SysIpcPipeIsrCm0
                0x100001b0        0xa .\CortexM0p\ARM_GCC_541\Release\system_psoc6_cm0plus.o
                0x100001b0                Cy_SysIpcPipeIsrCm0
 *fill*         0x100001ba        0x2 
 .text.SystemCoreClockUpdate
                0x100001bc      0x16c .\CortexM0p\ARM_GCC_541\Release\system_psoc6_cm0plus.o
                0x100001bc                SystemCoreClockUpdate
 .text.SystemInit
                0x10000328       0xbc .\CortexM0p\ARM_GCC_541\Release\system_psoc6_cm0plus.o
                0x10000328                SystemInit
 .text.Cy_SysGetCM4Status
                0x100003e4       0x10 .\CortexM0p\ARM_GCC_541\Release\system_psoc6_cm0plus.o
                0x100003e4                Cy_SysGetCM4Status
 .text.Cy_SysResetCM4
                0x100003f4       0x34 .\CortexM0p\ARM_GCC_541\Release\system_psoc6_cm0plus.o
                0x100003f4                Cy_SysResetCM4
 .text.Cy_SysEnableCM4
                0x10000428       0x54 .\CortexM0p\ARM_GCC_541\Release\system_psoc6_cm0plus.o
                0x10000428                Cy_SysEnableCM4
 .text.unlikely.Cy_SysClk_PeriphAssignDivider
                0x1000047c       0x68 .\CortexM0p\ARM_GCC_541\Release\cyfitter_cfg.o
 .text.unlikely.Cy_SysClk_PeriphEnableDivider
                0x100004e4       0x80 .\CortexM0p\ARM_GCC_541\Release\cyfitter_cfg.o
 .text.unlikely.Cy_SysClk_PeriphSetDivider.constprop.11
                0x10000564       0x3c .\CortexM0p\ARM_GCC_541\Release\cyfitter_cfg.o
 .text.Cy_SystemInit
                0x100005a0      0x4f8 .\CortexM0p\ARM_GCC_541\Release\cyfitter_cfg.o
                0x100005a0                Cy_SystemInit
 .text.Cy_IPC_Drv_GetIpcBaseAddress
                0x10000a98       0x18 .\CortexM0p\ARM_GCC_541\Release\cy_flash.o
 .text.Cy_IPC_Drv_IsLockAcquired
                0x10000ab0       0x14 .\CortexM0p\ARM_GCC_541\Release\cy_flash.o
 .text.Cy_Flash_ProcessOpcode
                0x10000ac4       0xb0 .\CortexM0p\ARM_GCC_541\Release\cy_flash.o
 .text.Cy_Flash_OperationStatus
                0x10000b74       0x3c .\CortexM0p\ARM_GCC_541\Release\cy_flash.o
 .text.Cy_Flash_InitExt
                0x10000bb0       0x44 .\CortexM0p\ARM_GCC_541\Release\cy_flash.o
                0x10000bb0                Cy_Flash_InitExt
 .text.Cy_Flash_Init
                0x10000bf4       0x10 .\CortexM0p\ARM_GCC_541\Release\cy_flash.o
                0x10000bf4                Cy_Flash_Init
 .text.Cy_GPIO_Port_Init
                0x10000c04       0x74 .\CortexM0p\ARM_GCC_541\Release\cy_gpio.o
                0x10000c04                Cy_GPIO_Port_Init
 .text.Cy_IPC_Drv_LockRelease
                0x10000c78       0x24 .\CortexM0p\ARM_GCC_541\Release\cy_ipc_drv.o
                0x10000c78                Cy_IPC_Drv_LockRelease
 .text.Cy_IPC_Drv_SendMsgWord
                0x10000c9c       0x18 .\CortexM0p\ARM_GCC_541\Release\cy_ipc_drv.o
                0x10000c9c                Cy_IPC_Drv_SendMsgWord
 .text.Cy_IPC_Drv_ReadMsgWord
                0x10000cb4       0x24 .\CortexM0p\ARM_GCC_541\Release\cy_ipc_drv.o
                0x10000cb4                Cy_IPC_Drv_ReadMsgWord
 .text.Cy_IPC_Sema_InitExt
                0x10000cd8       0x74 .\CortexM0p\ARM_GCC_541\Release\cy_ipc_sema.o
                0x10000cd8                Cy_IPC_Sema_InitExt
 .text.Cy_IPC_Sema_Init
                0x10000d4c       0x44 .\CortexM0p\ARM_GCC_541\Release\cy_ipc_sema.o
                0x10000d4c                Cy_IPC_Sema_Init
 .text.Cy_IPC_Sema_Clear
                0x10000d90       0x78 .\CortexM0p\ARM_GCC_541\Release\cy_ipc_sema.o
                0x10000d90                Cy_IPC_Sema_Clear
 .text.Cy_IPC_Sema_Status
                0x10000e08       0x38 .\CortexM0p\ARM_GCC_541\Release\cy_ipc_sema.o
                0x10000e08                Cy_IPC_Sema_Status
 .text.Cy_IPC_Pipe_Config
                0x10000e40       0x10 .\CortexM0p\ARM_GCC_541\Release\cy_ipc_pipe.o
                0x10000e40                Cy_IPC_Pipe_Config
 .text.Cy_IPC_Pipe_EndpointInit
                0x10000e50       0x68 .\CortexM0p\ARM_GCC_541\Release\cy_ipc_pipe.o
                0x10000e50                Cy_IPC_Pipe_EndpointInit
 .text.Cy_IPC_Pipe_Init
                0x10000eb8       0x64 .\CortexM0p\ARM_GCC_541\Release\cy_ipc_pipe.o
                0x10000eb8                Cy_IPC_Pipe_Init
 .text.Cy_IPC_Pipe_SendMessage
                0x10000f1c       0x5c .\CortexM0p\ARM_GCC_541\Release\cy_ipc_pipe.o
                0x10000f1c                Cy_IPC_Pipe_SendMessage
 .text.Cy_IPC_Pipe_RegisterCallback
                0x10000f78       0x28 .\CortexM0p\ARM_GCC_541\Release\cy_ipc_pipe.o
                0x10000f78                Cy_IPC_Pipe_RegisterCallback
 .text.Cy_IPC_Pipe_ExecCallback
                0x10000fa0       0x84 .\CortexM0p\ARM_GCC_541\Release\cy_ipc_pipe.o
                0x10000fa0                Cy_IPC_Pipe_ExecCallback
 .text.Cy_IPC_Pipe_ExecuteCallback
                0x10001024       0x18 .\CortexM0p\ARM_GCC_541\Release\cy_ipc_pipe.o
                0x10001024                Cy_IPC_Pipe_ExecuteCallback
 .text.Cy_Prot_GetActivePC
                0x1000103c       0x18 .\CortexM0p\ARM_GCC_541\Release\cy_prot.o
                0x1000103c                Cy_Prot_GetActivePC
 .text.Cy_SysClk_ClkPathSetSource
                0x10001054       0x50 .\CortexM0p\ARM_GCC_541\Release\cy_sysclk.o
                0x10001054                Cy_SysClk_ClkPathSetSource
 .text.Cy_SysClk_FllManualConfigure
                0x100010a4       0xb8 .\CortexM0p\ARM_GCC_541\Release\cy_sysclk.o
                0x100010a4                Cy_SysClk_FllManualConfigure
 .text.Cy_SysClk_FllEnable
                0x1000115c       0xd8 .\CortexM0p\ARM_GCC_541\Release\cy_sysclk.o
                0x1000115c                Cy_SysClk_FllEnable
 .text.Cy_SysInt_SetInterruptSource
                0x10001234       0x54 .\CortexM0p\ARM_GCC_541\Release\cy_sysint.o
                0x10001234                Cy_SysInt_SetInterruptSource
 .text.Cy_SysInt_SetVector
                0x10001288       0x28 .\CortexM0p\ARM_GCC_541\Release\cy_sysint.o
                0x10001288                Cy_SysInt_SetVector
 .text.Cy_SysInt_Init
                0x100012b0       0xa4 .\CortexM0p\ARM_GCC_541\Release\cy_sysint.o
                0x100012b0                Cy_SysInt_Init
 .text.Cy_SysLib_DelayUs
                0x10001354       0x14 .\CortexM0p\ARM_GCC_541\Release\cy_syslib.o
                0x10001354                Cy_SysLib_DelayUs
 .text.Cy_SysLib_ResetBackupDomain
                0x10001368       0x1c .\CortexM0p\ARM_GCC_541\Release\cy_syslib.o
                0x10001368                Cy_SysLib_ResetBackupDomain
 .text.Cy_SysLib_GetResetReason
                0x10001384       0x1c .\CortexM0p\ARM_GCC_541\Release\cy_syslib.o
                0x10001384                Cy_SysLib_GetResetReason
 .text.Cy_SysLib_ProcessingFault
                0x100013a0        0x2 .\CortexM0p\ARM_GCC_541\Release\cy_syslib.o
                0x100013a0                Cy_SysLib_ProcessingFault
 *fill*         0x100013a2        0x2 
 .text.Cy_SysLib_FaultHandler
                0x100013a4       0x30 .\CortexM0p\ARM_GCC_541\Release\cy_syslib.o
                0x100013a4                Cy_SysLib_FaultHandler
 .text.Cy_SysLib_SetWaitStates
                0x100013d4       0xbc .\CortexM0p\ARM_GCC_541\Release\cy_syslib.o
                0x100013d4                Cy_SysLib_SetWaitStates
 .text          0x10001490       0x20 .\CortexM0p\ARM_GCC_541\Release\cy_syslib_gcc.o
                0x10001490                Cy_SysLib_DelayCycles
                0x100014a2                Cy_SysLib_EnterCriticalSection
                0x100014aa                Cy_SysLib_ExitCriticalSection
 .text.Cy_SysLib_GetDeviceRevision
                0x100014b0       0x12 .\CortexM0p\ARM_GCC_541\Release\cy_syspm.o
 .text.Cy_SysLib_GetDevice
                0x100014c2       0x16 .\CortexM0p\ARM_GCC_541\Release\cy_syspm.o
 .text.SetReadMarginTrimUlp
                0x100014d8       0x7c .\CortexM0p\ARM_GCC_541\Release\cy_syspm.o
 .text.SetReadMarginTrimLp
                0x10001554       0x74 .\CortexM0p\ARM_GCC_541\Release\cy_syspm.o
 .text.SetWriteAssistTrimUlp
                0x100015c8       0x58 .\CortexM0p\ARM_GCC_541\Release\cy_syspm.o
 .text.SetWriteAssistTrimLp
                0x10001620       0x68 .\CortexM0p\ARM_GCC_541\Release\cy_syspm.o
 .text.IsVoltageChangePossible.part.4
                0x10001688       0x1c .\CortexM0p\ARM_GCC_541\Release\cy_syspm.o
 .text.Cy_SysPm_WriteVoltageBitForFlash
                0x100016a4       0xc0 .\CortexM0p\ARM_GCC_541\Release\cy_syspm.o
                0x100016a4                Cy_SysPm_WriteVoltageBitForFlash
 .text.Cy_SysPm_LdoSetVoltage
                0x10001764       0xc0 .\CortexM0p\ARM_GCC_541\Release\cy_syspm.o
                0x10001764                Cy_SysPm_LdoSetVoltage
 .text.Cy_SysTick_SetClockSource
                0x10001824       0x3c .\CortexM0p\ARM_GCC_541\Release\cy_systick.o
                0x10001824                Cy_SysTick_SetClockSource
 .text.Cy_TrigMux_Connect
                0x10001860       0x84 .\CortexM0p\ARM_GCC_541\Release\cy_trigmux.o
                0x10001860                Cy_TrigMux_Connect
 .text.Cy_WDT_Unlock
                0x100018e4       0x24 .\CortexM0p\ARM_GCC_541\Release\cy_wdt.o
                0x100018e4                Cy_WDT_Unlock
 .text.Cy_PDL_Init
                0x10001908        0xc .\CortexM0p\ARM_GCC_541\Release\cy_device.o
                0x10001908                Cy_PDL_Init
 .text          0x10001914      0x114 c:/program files (x86)/cypress/psoc creator/4.4/psoc creator/import/gnu/arm/5.4.1/bin/../lib/gcc/arm-none-eabi/5.4.1/armv6-m\libgcc.a(_udivsi3.o)
                0x10001914                __aeabi_uidiv
                0x10001914                __udivsi3
                0x10001a20                __aeabi_uidivmod
 .text          0x10001a28        0x4 c:/program files (x86)/cypress/psoc creator/4.4/psoc creator/import/gnu/arm/5.4.1/bin/../lib/gcc/arm-none-eabi/5.4.1/armv6-m\libgcc.a(_dvmd_tls.o)
                0x10001a28                __aeabi_idiv0
                0x10001a28                __aeabi_ldiv0
 .text.memcpy   0x10001a2c       0x12 c:/program files (x86)/cypress/psoc creator/4.4/psoc creator/import/gnu/arm/5.4.1/bin/../lib/gcc/arm-none-eabi/5.4.1/../../../../arm-none-eabi/lib/armv6-m\libg_nano.a(lib_a-memcpy-stub.o)
                0x10001a2c                memcpy
 .text.memset   0x10001a3e       0x10 c:/program files (x86)/cypress/psoc creator/4.4/psoc creator/import/gnu/arm/5.4.1/bin/../lib/gcc/arm-none-eabi/5.4.1/../../../../arm-none-eabi/lib/armv6-m\libg_nano.a(lib_a-memset.o)
                0x10001a3e                memset
 *(.init)
 *fill*         0x10001a4e        0x2 
 .init          0x10001a50        0x4 c:/program files (x86)/cypress/psoc creator/4.4/psoc creator/import/gnu/arm/5.4.1/bin/../lib/gcc/arm-none-eabi/5.4.1/armv6-m/crti.o
                0x10001a50                _init
 .init          0x10001a54        0x8 c:/program files (x86)/cypress/psoc creator/4.4/psoc creator/import/gnu/arm/5.4.1/bin/../lib/gcc/arm-none-eabi/5.4.1/armv6-m/crtn.o
 *(.fini)
 .fini          0x10001a5c        0x4 c:/program files (x86)/cypress/psoc creator/4.4/psoc creator/import/gnu/arm/5.4.1/bin/../lib/gcc/arm-none-eabi/5.4.1/armv6-m/crti.o
                0x10001a5c                _fini
 .fini          0x10001a60        0x8 c:/program files (x86)/cypress/psoc creator/4.4/psoc creator/import/gnu/arm/5.4.1/bin/../lib/gcc/arm-none-eabi/5.4.1/armv6-m/crtn.o
 *crtbegin.o(.ctors)
 *crtbegin?.o(.ctors)
 *(EXCLUDE_FILE(*crtend.o *crtend?.o) .ctors)
 *(SORT(.ctors.*))
 *(.ctors)
 *crtbegin.o(.dtors)
 *crtbegin?.o(.dtors)
 *(EXCLUDE_FILE(*crtend.o *crtend?.o) .dtors)
 *(SORT(.dtors.*))
 *(.dtors)
 *(.rodata .rodata.* .constdata .constdata.* .conststring .conststring.*)
 .rodata        0x10001a68       0x34 .\CortexM0p\ARM_GCC_541\Release\system_psoc6_cm0plus.o
 .rodata        0x10001a9c      0xb48 .\CortexM0p\ARM_GCC_541\Release\cyfitter_cfg.o
 .rodata        0x100025e4      0x170 .\CortexM0p\ARM_GCC_541\Release\cy_device.o
                0x100025e4                cy_deviceIpBlockCfgPSoC6_02
                0x1000269c                cy_deviceIpBlockCfgPSoC6_01
 *(.eh_frame*)
 .eh_frame      0x10002754        0x0 c:/program files (x86)/cypress/psoc creator/4.4/psoc creator/import/gnu/arm/5.4.1/bin/../lib/gcc/arm-none-eabi/5.4.1/armv6-m/crtbegin.o
 .eh_frame      0x10002754        0x4 c:/program files (x86)/cypress/psoc creator/4.4/psoc creator/import/gnu/arm/5.4.1/bin/../lib/gcc/arm-none-eabi/5.4.1/armv6-m/crtend.o

.glue_7         0x10002758        0x0
 .glue_7        0x10002758        0x0 linker stubs

.glue_7t        0x10002758        0x0
 .glue_7t       0x10002758        0x0 linker stubs

.vfp11_veneer   0x10002758        0x0
 .vfp11_veneer  0x10002758        0x0 linker stubs

.v4_bx          0x10002758        0x0
 .v4_bx         0x10002758        0x0 linker stubs

.iplt           0x10002758        0x0
 .iplt          0x10002758        0x0 c:/program files (x86)/cypress/psoc creator/4.4/psoc creator/import/gnu/arm/5.4.1/bin/../lib/gcc/arm-none-eabi/5.4.1/armv6-m/crtbegin.o

.ARM.extab
 *(.ARM.extab* .gnu.linkonce.armextab.*)
                0x10002758                __exidx_start = .

.ARM.exidx
 *(.ARM.exidx* .gnu.linkonce.armexidx.*)
                0x10002758                __exidx_end = .

.copy.table     0x10002758       0x18
                0x10002758                . = ALIGN (0x4)
                0x10002758                __copy_table_start__ = .
                0x10002758        0x4 LONG 0x10000000 __Vectors
                0x1000275c        0x4 LONG 0x8000000 __ram_vectors_start__
                0x10002760        0x4 LONG 0xc0 (__Vectors_End - __Vectors)
                0x10002764        0x4 LONG 0x10002778 __etext
                0x10002768        0x4 LONG 0x80000c0 __data_start__
                0x1000276c        0x4 LONG 0x450 (__data_end__ - __data_start__)
                0x10002770                __copy_table_end__ = .

.zero.table     0x10002770        0x8
                0x10002770                . = ALIGN (0x4)
                0x10002770                __zero_table_start__ = .
                0x10002770        0x4 LONG 0x8000530 __bss_start__
                0x10002774        0x4 LONG 0x1d8 (__bss_end__ - __bss_start__)
                0x10002778                __zero_table_end__ = .
                0x10002778                __etext = .

.ramVectors     0x08000000       0xc0
                0x08000000                __ram_vectors_start__ = .
 *(.ram_vectors)
 .ram_vectors   0x08000000       0xc0 .\CortexM0p\ARM_GCC_541\Release\startup_psoc6_01_cm0plus.o
                0x08000000                __ramVectors
                0x080000c0                __ram_vectors_end__ = .

.data           0x080000c0      0x450 load address 0x10002778
                0x080000c0                __data_start__ = .
 *(vtable)
 *(.data*)
 .data          0x080000c0       0x20 .\CortexM0p\ARM_GCC_541\Release\system_psoc6_cm0plus.o
                0x080000c0                cy_BleEcoClockFreqHz
                0x080000c4                cy_Hfclk0FreqHz
                0x080000c8                cy_PeriClkFreqHz
                0x080000cc                SystemCoreClock
                0x080000d0                cy_delayFreqHz
                0x080000d4                cy_delayFreqMhz
                0x080000d8                cy_delayFreqKhz
                0x080000dc                cy_delay32kMs
                0x080000e0                . = ALIGN (0x4)
                0x080000e0                PROVIDE (__preinit_array_start, .)
 *(.preinit_array)
                0x080000e0                PROVIDE (__preinit_array_end, .)
                0x080000e0                . = ALIGN (0x4)
                0x080000e0                PROVIDE (__init_array_start, .)
 *(SORT(.init_array.*))
 *(.init_array)
 .init_array    0x080000e0        0x4 c:/program files (x86)/cypress/psoc creator/4.4/psoc creator/import/gnu/arm/5.4.1/bin/../lib/gcc/arm-none-eabi/5.4.1/armv6-m/crtbegin.o
                0x080000e4                PROVIDE (__init_array_end, .)
                0x080000e4                . = ALIGN (0x4)
                [!provide]                PROVIDE (__fini_array_start, .)
 *(SORT(.fini_array.*))
 *(.fini_array)
 .fini_array    0x080000e4        0x4 c:/program files (x86)/cypress/psoc creator/4.4/psoc creator/import/gnu/arm/5.4.1/bin/../lib/gcc/arm-none-eabi/5.4.1/armv6-m/crtbegin.o
                [!provide]                PROVIDE (__fini_array_end, .)
 *(.jcr*)
 .jcr           0x080000e8        0x0 c:/program files (x86)/cypress/psoc creator/4.4/psoc creator/import/gnu/arm/5.4.1/bin/../lib/gcc/arm-none-eabi/5.4.1/armv6-m/crtbegin.o
 .jcr           0x080000e8        0x4 c:/program files (x86)/cypress/psoc creator/4.4/psoc creator/import/gnu/arm/5.4.1/bin/../lib/gcc/arm-none-eabi/5.4.1/armv6-m/crtend.o
                0x080000ec                . = ALIGN (0x4)
 *(.cy_ramfunc*)
 .cy_ramfunc    0x080000ec      0x1b0 .\CortexM0p\ARM_GCC_541\Release\cy_flash.o
 .cy_ramfunc    0x0800029c      0x1c4 .\CortexM0p\ARM_GCC_541\Release\cy_syspm.o
 .cy_ramfunc.__stub
                0x08000460       0xb0 linker stubs
                0x08000510                . = ALIGN (0x4)
                0x08000510                __data_end__ = .

.igot.plt       0x08000510        0x0 load address 0x10002bc8
 .igot.plt      0x08000510        0x0 c:/program files (x86)/cypress/psoc creator/4.4/psoc creator/import/gnu/arm/5.4.1/bin/../lib/gcc/arm-none-eabi/5.4.1/armv6-m/crtbegin.o

.noinit         0x08000510       0x20 load address 0x10002bc8
 *(.noinit)
 .noinit        0x08000510       0x20 .\CortexM0p\ARM_GCC_541\Release\cy_syslib.o
                0x08000510                cy_faultFrame

.bss            0x08000530      0x1d8 load address 0x10002be8
                0x08000530                . = ALIGN (0x4)
                0x08000530                __bss_start__ = .
 *(.bss*)
 .bss           0x08000530       0x1c c:/program files (x86)/cypress/psoc creator/4.4/psoc creator/import/gnu/arm/5.4.1/bin/../lib/gcc/arm-none-eabi/5.4.1/armv6-m/crtbegin.o
 .bss           0x0800054c      0x190 .\CortexM0p\ARM_GCC_541\Release\system_psoc6_cm0plus.o
 .bss           0x080006dc       0x18 .\CortexM0p\ARM_GCC_541\Release\cy_flash.o
 .bss           0x080006f4        0xc .\CortexM0p\ARM_GCC_541\Release\cy_ipc_sema.o
 .bss           0x08000700        0x4 .\CortexM0p\ARM_GCC_541\Release\cy_ipc_pipe.o
 *(COMMON)
 COMMON         0x08000704        0x4 .\CortexM0p\ARM_GCC_541\Release\cy_device.o
                0x08000704                cy_device
                0x08000708                . = ALIGN (0x4)
                0x08000708                __bss_end__ = .

.heap           0x08000708      0x400
                0x08000708                __HeapBase = .
                0x08000708                __end__ = .
                0x08000708                end = __end__
 *(.heap*)
 .heap          0x08000708      0x400 .\CortexM0p\ARM_GCC_541\Release\startup_psoc6_01_cm0plus.o
                0x08000b08                __HeapLimit = .

.stack_dummy    0x08000708     0x1000
 *(.stack*)
 .stack         0x08000708     0x1000 .\CortexM0p\ARM_GCC_541\Release\startup_psoc6_01_cm0plus.o
                0x08024000                __StackTop = (ORIGIN (ram) + LENGTH (ram))
                0x08023000                __StackLimit = (__StackTop - SIZEOF (.stack_dummy))
                0x08024000                PROVIDE (__stack, __StackTop)
                0x00000001                ASSERT ((__StackLimit >= __HeapLimit), region RAM overflowed with stack)

.cy_em_eeprom
 *(.cy_em_eeprom)

.cy_sflash_user_data
 *(.cy_sflash_user_data)

.cy_sflash_nar
 *(.cy_sflash_nar)

.cy_sflash_public_key
 *(.cy_sflash_public_key)

.cy_toc_part2
 *(.cy_toc_part2)

.cy_rtoc_part2
 *(.cy_rtoc_part2)

.cy_xip
 *(.cy_xip)

.cy_efuse
 *(.cy_efuse)

.cymeta         0x90500000        0xc
 *(.cymeta)
 .cymeta        0x90500000        0xc .\CortexM0p\ARM_GCC_541\Release\cymetadata.o
                0x90500000                cy_metadata
                0x10000000                __cy_memory_0_start = 0x10000000
                0x00100000                __cy_memory_0_length = 0x100000
                0x00000200                __cy_memory_0_row_size = 0x200
                0x14000000                __cy_memory_1_start = 0x14000000
                0x00008000                __cy_memory_1_length = 0x8000
                0x00000200                __cy_memory_1_row_size = 0x200
                0x16000000                __cy_memory_2_start = 0x16000000
                0x00008000                __cy_memory_2_length = 0x8000
                0x00000200                __cy_memory_2_row_size = 0x200
                0x18000000                __cy_memory_3_start = 0x18000000
                0x08000000                __cy_memory_3_length = 0x8000000
                0x00000200                __cy_memory_3_row_size = 0x200
                0x90700000                __cy_memory_4_start = 0x90700000
                0x00100000                __cy_memory_4_length = 0x100000
                0x00000001                __cy_memory_4_row_size = 0x1
OUTPUT(C:\Users\mcfdo\OneDrive\Documents\PSoC Creator\Workspace_prog1\Mario_mobile_robot_Copy_01_Copy_01.cydsn\CortexM0p\ARM_GCC_541\Release\Mario_mobile_robot_Copy_01_Copy_01_link.elf elf32-littlearm)

.rel.dyn        0x08000708        0x0 load address 0x985026c4
 .rel.iplt      0x08000708        0x0 c:/program files (x86)/cypress/psoc creator/4.4/psoc creator/import/gnu/arm/5.4.1/bin/../lib/gcc/arm-none-eabi/5.4.1/armv6-m/crtbegin.o

.ARM.attributes
                0x00000000       0x28
 .ARM.attributes
                0x00000000       0x1e c:/program files (x86)/cypress/psoc creator/4.4/psoc creator/import/gnu/arm/5.4.1/bin/../lib/gcc/arm-none-eabi/5.4.1/armv6-m/crti.o
 .ARM.attributes
                0x0000001e       0x2c c:/program files (x86)/cypress/psoc creator/4.4/psoc creator/import/gnu/arm/5.4.1/bin/../lib/gcc/arm-none-eabi/5.4.1/armv6-m/crtbegin.o
 .ARM.attributes
                0x0000004a       0x1b .\CortexM0p\ARM_GCC_541\Release\startup_psoc6_01_cm0plus.o
 .ARM.attributes
                0x00000065       0x32 .\CortexM0p\ARM_GCC_541\Release\main_cm0p.o
 .ARM.attributes
                0x00000097       0x32 .\CortexM0p\ARM_GCC_541\Release\system_psoc6_cm0plus.o
 .ARM.attributes
                0x000000c9       0x32 .\CortexM0p\ARM_GCC_541\Release\cyfitter_cfg.o
 .ARM.attributes
                0x000000fb       0x32 .\CortexM0p\ARM_GCC_541\Release\cymetadata.o
 .ARM.attributes
                0x0000012d       0x32 .\CortexM0p\ARM_GCC_541\Release\cy_flash.o
 .ARM.attributes
                0x0000015f       0x32 .\CortexM0p\ARM_GCC_541\Release\cy_gpio.o
 .ARM.attributes
                0x00000191       0x32 .\CortexM0p\ARM_GCC_541\Release\cy_ipc_drv.o
 .ARM.attributes
                0x000001c3       0x32 .\CortexM0p\ARM_GCC_541\Release\cy_ipc_sema.o
 .ARM.attributes
                0x000001f5       0x32 .\CortexM0p\ARM_GCC_541\Release\cy_ipc_pipe.o
 .ARM.attributes
                0x00000227       0x32 .\CortexM0p\ARM_GCC_541\Release\cy_prot.o
 .ARM.attributes
                0x00000259       0x32 .\CortexM0p\ARM_GCC_541\Release\cy_sysclk.o
 .ARM.attributes
                0x0000028b       0x32 .\CortexM0p\ARM_GCC_541\Release\cy_sysint.o
 .ARM.attributes
                0x000002bd       0x32 .\CortexM0p\ARM_GCC_541\Release\cy_syslib.o
 .ARM.attributes
                0x000002ef       0x22 .\CortexM0p\ARM_GCC_541\Release\cy_syslib_gcc.o
 .ARM.attributes
                0x00000311       0x32 .\CortexM0p\ARM_GCC_541\Release\cy_syspm.o
 .ARM.attributes
                0x00000343       0x32 .\CortexM0p\ARM_GCC_541\Release\cy_systick.o
 .ARM.attributes
                0x00000375       0x32 .\CortexM0p\ARM_GCC_541\Release\cy_trigmux.o
 .ARM.attributes
                0x000003a7       0x32 .\CortexM0p\ARM_GCC_541\Release\cy_wdt.o
 .ARM.attributes
                0x000003d9       0x32 .\CortexM0p\ARM_GCC_541\Release\cy_device.o
 .ARM.attributes
                0x0000040b       0x1e c:/program files (x86)/cypress/psoc creator/4.4/psoc creator/import/gnu/arm/5.4.1/bin/../lib/gcc/arm-none-eabi/5.4.1/armv6-m\libgcc.a(_udivsi3.o)
 .ARM.attributes
                0x00000429       0x1e c:/program files (x86)/cypress/psoc creator/4.4/psoc creator/import/gnu/arm/5.4.1/bin/../lib/gcc/arm-none-eabi/5.4.1/armv6-m\libgcc.a(_dvmd_tls.o)
 .ARM.attributes
                0x00000447       0x2c c:/program files (x86)/cypress/psoc creator/4.4/psoc creator/import/gnu/arm/5.4.1/bin/../lib/gcc/arm-none-eabi/5.4.1/../../../../arm-none-eabi/lib/armv6-m\libg_nano.a(lib_a-memcpy-stub.o)
 .ARM.attributes
                0x00000473       0x2c c:/program files (x86)/cypress/psoc creator/4.4/psoc creator/import/gnu/arm/5.4.1/bin/../lib/gcc/arm-none-eabi/5.4.1/../../../../arm-none-eabi/lib/armv6-m\libg_nano.a(lib_a-memset.o)
 .ARM.attributes
                0x0000049f       0x2c c:/program files (x86)/cypress/psoc creator/4.4/psoc creator/import/gnu/arm/5.4.1/bin/../lib/gcc/arm-none-eabi/5.4.1/armv6-m/crtend.o
 .ARM.attributes
                0x000004cb       0x1e c:/program files (x86)/cypress/psoc creator/4.4/psoc creator/import/gnu/arm/5.4.1/bin/../lib/gcc/arm-none-eabi/5.4.1/armv6-m/crtn.o

.comment        0x00000000       0x6e
 .comment       0x00000000       0x6e .\CortexM0p\ARM_GCC_541\Release\main_cm0p.o
                                 0x6f (size before relaxing)
 .comment       0x0000006e       0x6f .\CortexM0p\ARM_GCC_541\Release\system_psoc6_cm0plus.o
 .comment       0x0000006e       0x6f .\CortexM0p\ARM_GCC_541\Release\cyfitter_cfg.o
 .comment       0x0000006e       0x6f .\CortexM0p\ARM_GCC_541\Release\cymetadata.o
 .comment       0x0000006e       0x6f .\CortexM0p\ARM_GCC_541\Release\cy_flash.o
 .comment       0x0000006e       0x6f .\CortexM0p\ARM_GCC_541\Release\cy_gpio.o
 .comment       0x0000006e       0x6f .\CortexM0p\ARM_GCC_541\Release\cy_ipc_drv.o
 .comment       0x0000006e       0x6f .\CortexM0p\ARM_GCC_541\Release\cy_ipc_sema.o
 .comment       0x0000006e       0x6f .\CortexM0p\ARM_GCC_541\Release\cy_ipc_pipe.o
 .comment       0x0000006e       0x6f .\CortexM0p\ARM_GCC_541\Release\cy_prot.o
 .comment       0x0000006e       0x6f .\CortexM0p\ARM_GCC_541\Release\cy_sysclk.o
 .comment       0x0000006e       0x6f .\CortexM0p\ARM_GCC_541\Release\cy_sysint.o
 .comment       0x0000006e       0x6f .\CortexM0p\ARM_GCC_541\Release\cy_syslib.o
 .comment       0x0000006e       0x6f .\CortexM0p\ARM_GCC_541\Release\cy_syspm.o
 .comment       0x0000006e       0x6f .\CortexM0p\ARM_GCC_541\Release\cy_systick.o
 .comment       0x0000006e       0x6f .\CortexM0p\ARM_GCC_541\Release\cy_trigmux.o
 .comment       0x0000006e       0x6f .\CortexM0p\ARM_GCC_541\Release\cy_wdt.o
 .comment       0x0000006e       0x6f .\CortexM0p\ARM_GCC_541\Release\cy_device.o

.debug_line     0x00000000     0x55ff
 .debug_line    0x00000000       0x92 .\CortexM0p\ARM_GCC_541\Release\startup_psoc6_01_cm0plus.o
 .debug_line    0x00000092      0x2e8 .\CortexM0p\ARM_GCC_541\Release\main_cm0p.o
 .debug_line    0x0000037a      0x4ee .\CortexM0p\ARM_GCC_541\Release\system_psoc6_cm0plus.o
 .debug_line    0x00000868      0x693 .\CortexM0p\ARM_GCC_541\Release\cyfitter_cfg.o
 .debug_line    0x00000efb      0x141 .\CortexM0p\ARM_GCC_541\Release\cymetadata.o
 .debug_line    0x0000103c      0x6da .\CortexM0p\ARM_GCC_541\Release\cy_flash.o
 .debug_line    0x00001716      0x3b5 .\CortexM0p\ARM_GCC_541\Release\cy_gpio.o
 .debug_line    0x00001acb      0x2bb .\CortexM0p\ARM_GCC_541\Release\cy_ipc_drv.o
 .debug_line    0x00001d86      0x402 .\CortexM0p\ARM_GCC_541\Release\cy_ipc_sema.o
 .debug_line    0x00002188      0x568 .\CortexM0p\ARM_GCC_541\Release\cy_ipc_pipe.o
 .debug_line    0x000026f0      0x7d9 .\CortexM0p\ARM_GCC_541\Release\cy_prot.o
 .debug_line    0x00002ec9      0xa22 .\CortexM0p\ARM_GCC_541\Release\cy_sysclk.o
 .debug_line    0x000038eb      0x3a9 .\CortexM0p\ARM_GCC_541\Release\cy_sysint.o
 .debug_line    0x00003c94      0x45f .\CortexM0p\ARM_GCC_541\Release\cy_syslib.o
 .debug_line    0x000040f3       0x89 .\CortexM0p\ARM_GCC_541\Release\cy_syslib_gcc.o
 .debug_line    0x0000417c      0xa0e .\CortexM0p\ARM_GCC_541\Release\cy_syspm.o
 .debug_line    0x00004b8a      0x33b .\CortexM0p\ARM_GCC_541\Release\cy_systick.o
 .debug_line    0x00004ec5      0x305 .\CortexM0p\ARM_GCC_541\Release\cy_trigmux.o
 .debug_line    0x000051ca      0x2b4 .\CortexM0p\ARM_GCC_541\Release\cy_wdt.o
 .debug_line    0x0000547e      0x181 .\CortexM0p\ARM_GCC_541\Release\cy_device.o

.debug_info     0x00000000    0x1a5f9
 .debug_info    0x00000000       0xaf .\CortexM0p\ARM_GCC_541\Release\startup_psoc6_01_cm0plus.o
 .debug_info    0x000000af      0x8ee .\CortexM0p\ARM_GCC_541\Release\main_cm0p.o
 .debug_info    0x0000099d     0x2175 .\CortexM0p\ARM_GCC_541\Release\system_psoc6_cm0plus.o
 .debug_info    0x00002b12     0x3781 .\CortexM0p\ARM_GCC_541\Release\cyfitter_cfg.o
 .debug_info    0x00006293       0xac .\CortexM0p\ARM_GCC_541\Release\cymetadata.o
 .debug_info    0x0000633f     0x217a .\CortexM0p\ARM_GCC_541\Release\cy_flash.o
 .debug_info    0x000084b9     0x1e55 .\CortexM0p\ARM_GCC_541\Release\cy_gpio.o
 .debug_info    0x0000a30e      0x86e .\CortexM0p\ARM_GCC_541\Release\cy_ipc_drv.o
 .debug_info    0x0000ab7c      0xbc7 .\CortexM0p\ARM_GCC_541\Release\cy_ipc_sema.o
 .debug_info    0x0000b743     0x1732 .\CortexM0p\ARM_GCC_541\Release\cy_ipc_pipe.o
 .debug_info    0x0000ce75     0x22ae .\CortexM0p\ARM_GCC_541\Release\cy_prot.o
 .debug_info    0x0000f123     0x1f94 .\CortexM0p\ARM_GCC_541\Release\cy_sysclk.o
 .debug_info    0x000110b7     0x1a70 .\CortexM0p\ARM_GCC_541\Release\cy_sysint.o
 .debug_info    0x00012b27     0x1f85 .\CortexM0p\ARM_GCC_541\Release\cy_syslib.o
 .debug_info    0x00014aac       0xd9 .\CortexM0p\ARM_GCC_541\Release\cy_syslib_gcc.o
 .debug_info    0x00014b85     0x3d1c .\CortexM0p\ARM_GCC_541\Release\cy_syspm.o
 .debug_info    0x000188a1      0x830 .\CortexM0p\ARM_GCC_541\Release\cy_systick.o
 .debug_info    0x000190d1      0x7d5 .\CortexM0p\ARM_GCC_541\Release\cy_trigmux.o
 .debug_info    0x000198a6      0x802 .\CortexM0p\ARM_GCC_541\Release\cy_wdt.o
 .debug_info    0x0001a0a8      0x551 .\CortexM0p\ARM_GCC_541\Release\cy_device.o

.debug_abbrev   0x00000000     0x2a94
 .debug_abbrev  0x00000000       0x14 .\CortexM0p\ARM_GCC_541\Release\startup_psoc6_01_cm0plus.o
 .debug_abbrev  0x00000014      0x131 .\CortexM0p\ARM_GCC_541\Release\main_cm0p.o
 .debug_abbrev  0x00000145      0x2a3 .\CortexM0p\ARM_GCC_541\Release\system_psoc6_cm0plus.o
 .debug_abbrev  0x000003e8      0x3b6 .\CortexM0p\ARM_GCC_541\Release\cyfitter_cfg.o
 .debug_abbrev  0x0000079e       0x5d .\CortexM0p\ARM_GCC_541\Release\cymetadata.o
 .debug_abbrev  0x000007fb      0x369 .\CortexM0p\ARM_GCC_541\Release\cy_flash.o
 .debug_abbrev  0x00000b64      0x28f .\CortexM0p\ARM_GCC_541\Release\cy_gpio.o
 .debug_abbrev  0x00000df3      0x176 .\CortexM0p\ARM_GCC_541\Release\cy_ipc_drv.o
 .debug_abbrev  0x00000f69      0x277 .\CortexM0p\ARM_GCC_541\Release\cy_ipc_sema.o
 .debug_abbrev  0x000011e0      0x385 .\CortexM0p\ARM_GCC_541\Release\cy_ipc_pipe.o
 .debug_abbrev  0x00001565      0x273 .\CortexM0p\ARM_GCC_541\Release\cy_prot.o
 .debug_abbrev  0x000017d8      0x3e6 .\CortexM0p\ARM_GCC_541\Release\cy_sysclk.o
 .debug_abbrev  0x00001bbe      0x269 .\CortexM0p\ARM_GCC_541\Release\cy_sysint.o
 .debug_abbrev  0x00001e27      0x30d .\CortexM0p\ARM_GCC_541\Release\cy_syslib.o
 .debug_abbrev  0x00002134       0x14 .\CortexM0p\ARM_GCC_541\Release\cy_syslib_gcc.o
 .debug_abbrev  0x00002148      0x383 .\CortexM0p\ARM_GCC_541\Release\cy_syspm.o
 .debug_abbrev  0x000024cb      0x246 .\CortexM0p\ARM_GCC_541\Release\cy_systick.o
 .debug_abbrev  0x00002711      0x151 .\CortexM0p\ARM_GCC_541\Release\cy_trigmux.o
 .debug_abbrev  0x00002862      0x195 .\CortexM0p\ARM_GCC_541\Release\cy_wdt.o
 .debug_abbrev  0x000029f7       0x9d .\CortexM0p\ARM_GCC_541\Release\cy_device.o

.debug_aranges  0x00000000      0x850
 .debug_aranges
                0x00000000       0x20 .\CortexM0p\ARM_GCC_541\Release\startup_psoc6_01_cm0plus.o
 .debug_aranges
                0x00000020       0x20 .\CortexM0p\ARM_GCC_541\Release\main_cm0p.o
 .debug_aranges
                0x00000040       0x60 .\CortexM0p\ARM_GCC_541\Release\system_psoc6_cm0plus.o
 .debug_aranges
                0x000000a0       0x38 .\CortexM0p\ARM_GCC_541\Release\cyfitter_cfg.o
 .debug_aranges
                0x000000d8       0x18 .\CortexM0p\ARM_GCC_541\Release\cymetadata.o
 .debug_aranges
                0x000000f0       0xc0 .\CortexM0p\ARM_GCC_541\Release\cy_flash.o
 .debug_aranges
                0x000001b0       0x50 .\CortexM0p\ARM_GCC_541\Release\cy_gpio.o
 .debug_aranges
                0x00000200       0x30 .\CortexM0p\ARM_GCC_541\Release\cy_ipc_drv.o
 .debug_aranges
                0x00000230       0x48 .\CortexM0p\ARM_GCC_541\Release\cy_ipc_sema.o
 .debug_aranges
                0x00000278       0x68 .\CortexM0p\ARM_GCC_541\Release\cy_ipc_pipe.o
 .debug_aranges
                0x000002e0      0x198 .\CortexM0p\ARM_GCC_541\Release\cy_prot.o
 .debug_aranges
                0x00000478       0xa8 .\CortexM0p\ARM_GCC_541\Release\cy_sysclk.o
 .debug_aranges
                0x00000520       0x58 .\CortexM0p\ARM_GCC_541\Release\cy_sysint.o
 .debug_aranges
                0x00000578       0x78 .\CortexM0p\ARM_GCC_541\Release\cy_syslib.o
 .debug_aranges
                0x000005f0       0x20 .\CortexM0p\ARM_GCC_541\Release\cy_syslib_gcc.o
 .debug_aranges
                0x00000610      0x138 .\CortexM0p\ARM_GCC_541\Release\cy_syspm.o
 .debug_aranges
                0x00000748       0x58 .\CortexM0p\ARM_GCC_541\Release\cy_systick.o
 .debug_aranges
                0x000007a0       0x40 .\CortexM0p\ARM_GCC_541\Release\cy_trigmux.o
 .debug_aranges
                0x000007e0       0x50 .\CortexM0p\ARM_GCC_541\Release\cy_wdt.o
 .debug_aranges
                0x00000830       0x20 .\CortexM0p\ARM_GCC_541\Release\cy_device.o

.debug_ranges   0x00000000      0xd50
 .debug_ranges  0x00000000       0x10 .\CortexM0p\ARM_GCC_541\Release\main_cm0p.o
 .debug_ranges  0x00000010       0x80 .\CortexM0p\ARM_GCC_541\Release\system_psoc6_cm0plus.o
 .debug_ranges  0x00000090      0x1a8 .\CortexM0p\ARM_GCC_541\Release\cyfitter_cfg.o
 .debug_ranges  0x00000238       0xe0 .\CortexM0p\ARM_GCC_541\Release\cy_flash.o
 .debug_ranges  0x00000318       0x58 .\CortexM0p\ARM_GCC_541\Release\cy_gpio.o
 .debug_ranges  0x00000370       0x38 .\CortexM0p\ARM_GCC_541\Release\cy_ipc_drv.o
 .debug_ranges  0x000003a8       0x58 .\CortexM0p\ARM_GCC_541\Release\cy_ipc_sema.o
 .debug_ranges  0x00000400       0xd0 .\CortexM0p\ARM_GCC_541\Release\cy_ipc_pipe.o
 .debug_ranges  0x000004d0      0x1a0 .\CortexM0p\ARM_GCC_541\Release\cy_prot.o
 .debug_ranges  0x00000670      0x258 .\CortexM0p\ARM_GCC_541\Release\cy_sysclk.o
 .debug_ranges  0x000008c8       0x48 .\CortexM0p\ARM_GCC_541\Release\cy_sysint.o
 .debug_ranges  0x00000910       0x98 .\CortexM0p\ARM_GCC_541\Release\cy_syslib.o
 .debug_ranges  0x000009a8      0x240 .\CortexM0p\ARM_GCC_541\Release\cy_syspm.o
 .debug_ranges  0x00000be8       0xa8 .\CortexM0p\ARM_GCC_541\Release\cy_systick.o
 .debug_ranges  0x00000c90       0x48 .\CortexM0p\ARM_GCC_541\Release\cy_trigmux.o
 .debug_ranges  0x00000cd8       0x68 .\CortexM0p\ARM_GCC_541\Release\cy_wdt.o
 .debug_ranges  0x00000d40       0x10 .\CortexM0p\ARM_GCC_541\Release\cy_device.o

.debug_str      0x00000000     0xebf9
 .debug_str     0x00000000      0xa6f .\CortexM0p\ARM_GCC_541\Release\main_cm0p.o
                                0xad6 (size before relaxing)
 .debug_str     0x00000a6f     0x140a .\CortexM0p\ARM_GCC_541\Release\system_psoc6_cm0plus.o
                               0x1d85 (size before relaxing)
 .debug_str     0x00001e79     0x4bbc .\CortexM0p\ARM_GCC_541\Release\cyfitter_cfg.o
                               0x5804 (size before relaxing)
 .debug_str     0x00006a35       0x30 .\CortexM0p\ARM_GCC_541\Release\cymetadata.o
                                0x1c9 (size before relaxing)
 .debug_str     0x00006a65     0x1030 .\CortexM0p\ARM_GCC_541\Release\cy_flash.o
                               0x1d0e (size before relaxing)
 .debug_str     0x00007a95     0x2e86 .\CortexM0p\ARM_GCC_541\Release\cy_gpio.o
                               0x3705 (size before relaxing)
 .debug_str     0x0000a91b       0xfd .\CortexM0p\ARM_GCC_541\Release\cy_ipc_drv.o
                                0x94d (size before relaxing)
 .debug_str     0x0000aa18       0xe0 .\CortexM0p\ARM_GCC_541\Release\cy_ipc_sema.o
                                0xb3a (size before relaxing)
 .debug_str     0x0000aaf8     0x12c2 .\CortexM0p\ARM_GCC_541\Release\cy_ipc_pipe.o
                               0x2211 (size before relaxing)
 .debug_str     0x0000bdba      0xdfc .\CortexM0p\ARM_GCC_541\Release\cy_prot.o
                               0x16b5 (size before relaxing)
 .debug_str     0x0000cbb6      0x6dd .\CortexM0p\ARM_GCC_541\Release\cy_sysclk.o
                               0x1e92 (size before relaxing)
 .debug_str     0x0000d293      0x3a6 .\CortexM0p\ARM_GCC_541\Release\cy_sysint.o
                               0x204d (size before relaxing)
 .debug_str     0x0000d639      0x20a .\CortexM0p\ARM_GCC_541\Release\cy_syslib.o
                               0x1a80 (size before relaxing)
 .debug_str     0x0000d843      0xf81 .\CortexM0p\ARM_GCC_541\Release\cy_syspm.o
                               0x2a9d (size before relaxing)
 .debug_str     0x0000e7c4      0x1e5 .\CortexM0p\ARM_GCC_541\Release\cy_systick.o
                                0xa25 (size before relaxing)
 .debug_str     0x0000e9a9      0x134 .\CortexM0p\ARM_GCC_541\Release\cy_trigmux.o
                                0x929 (size before relaxing)
 .debug_str     0x0000eadd       0xbf .\CortexM0p\ARM_GCC_541\Release\cy_wdt.o
                                0x6ea (size before relaxing)
 .debug_str     0x0000eb9c       0x5d .\CortexM0p\ARM_GCC_541\Release\cy_device.o
                                0x7d7 (size before relaxing)

.debug_frame    0x00000000     0x16e0
 .debug_frame   0x00000000       0x2c .\CortexM0p\ARM_GCC_541\Release\main_cm0p.o
 .debug_frame   0x0000002c      0x104 .\CortexM0p\ARM_GCC_541\Release\system_psoc6_cm0plus.o
 .debug_frame   0x00000130       0x98 .\CortexM0p\ARM_GCC_541\Release\cyfitter_cfg.o
 .debug_frame   0x000001c8      0x24c .\CortexM0p\ARM_GCC_541\Release\cy_flash.o
 .debug_frame   0x00000414       0xe4 .\CortexM0p\ARM_GCC_541\Release\cy_gpio.o
 .debug_frame   0x000004f8       0x40 .\CortexM0p\ARM_GCC_541\Release\cy_ipc_drv.o
 .debug_frame   0x00000538       0xcc .\CortexM0p\ARM_GCC_541\Release\cy_ipc_sema.o
 .debug_frame   0x00000604      0x11c .\CortexM0p\ARM_GCC_541\Release\cy_ipc_pipe.o
 .debug_frame   0x00000720      0x498 .\CortexM0p\ARM_GCC_541\Release\cy_prot.o
 .debug_frame   0x00000bb8      0x28c .\CortexM0p\ARM_GCC_541\Release\cy_sysclk.o
 .debug_frame   0x00000e44       0xd0 .\CortexM0p\ARM_GCC_541\Release\cy_sysint.o
 .debug_frame   0x00000f14      0x134 .\CortexM0p\ARM_GCC_541\Release\cy_syslib.o
 .debug_frame   0x00001048      0x3e8 .\CortexM0p\ARM_GCC_541\Release\cy_syspm.o
 .debug_frame   0x00001430       0xc4 .\CortexM0p\ARM_GCC_541\Release\cy_systick.o
 .debug_frame   0x000014f4       0xc0 .\CortexM0p\ARM_GCC_541\Release\cy_trigmux.o
 .debug_frame   0x000015b4       0xa4 .\CortexM0p\ARM_GCC_541\Release\cy_wdt.o
 .debug_frame   0x00001658       0x20 .\CortexM0p\ARM_GCC_541\Release\cy_device.o
 .debug_frame   0x00001678       0x20 c:/program files (x86)/cypress/psoc creator/4.4/psoc creator/import/gnu/arm/5.4.1/bin/../lib/gcc/arm-none-eabi/5.4.1/armv6-m\libgcc.a(_udivsi3.o)
 .debug_frame   0x00001698       0x28 c:/program files (x86)/cypress/psoc creator/4.4/psoc creator/import/gnu/arm/5.4.1/bin/../lib/gcc/arm-none-eabi/5.4.1/../../../../arm-none-eabi/lib/armv6-m\libg_nano.a(lib_a-memcpy-stub.o)
 .debug_frame   0x000016c0       0x20 c:/program files (x86)/cypress/psoc creator/4.4/psoc creator/import/gnu/arm/5.4.1/bin/../lib/gcc/arm-none-eabi/5.4.1/../../../../arm-none-eabi/lib/armv6-m\libg_nano.a(lib_a-memset.o)

.debug_loc      0x00000000     0x7c04
 .debug_loc     0x00000000      0x415 .\CortexM0p\ARM_GCC_541\Release\system_psoc6_cm0plus.o
 .debug_loc     0x00000415      0x64e .\CortexM0p\ARM_GCC_541\Release\cyfitter_cfg.o
 .debug_loc     0x00000a63      0xd58 .\CortexM0p\ARM_GCC_541\Release\cy_flash.o
 .debug_loc     0x000017bb      0x809 .\CortexM0p\ARM_GCC_541\Release\cy_gpio.o
 .debug_loc     0x00001fc4      0x222 .\CortexM0p\ARM_GCC_541\Release\cy_ipc_drv.o
 .debug_loc     0x000021e6      0x87c .\CortexM0p\ARM_GCC_541\Release\cy_ipc_sema.o
 .debug_loc     0x00002a62      0x74f .\CortexM0p\ARM_GCC_541\Release\cy_ipc_pipe.o
 .debug_loc     0x000031b1     0x1a5f .\CortexM0p\ARM_GCC_541\Release\cy_prot.o
 .debug_loc     0x00004c10     0x17e7 .\CortexM0p\ARM_GCC_541\Release\cy_sysclk.o
 .debug_loc     0x000063f7      0x403 .\CortexM0p\ARM_GCC_541\Release\cy_sysint.o
 .debug_loc     0x000067fa       0xff .\CortexM0p\ARM_GCC_541\Release\cy_syslib.o
 .debug_loc     0x000068f9      0xcdf .\CortexM0p\ARM_GCC_541\Release\cy_syspm.o
 .debug_loc     0x000075d8      0x122 .\CortexM0p\ARM_GCC_541\Release\cy_systick.o
 .debug_loc     0x000076fa      0x470 .\CortexM0p\ARM_GCC_541\Release\cy_trigmux.o
 .debug_loc     0x00007b6a       0x9a .\CortexM0p\ARM_GCC_541\Release\cy_wdt.o
